
Allocating common symbols
Common symbol       size              file

netbufpool          0x4               binaries/net.o
readylist           0x2               binaries/ready.o
rfltab              0x5a0             binaries/rflinit.o
netportseed         0x8               binaries/net.o
sleepq              0x2               binaries/clkinit.o
nnames              0x4               binaries/naminit.o
udptab              0x168             binaries/udp.o
minheap             0x4               binaries/meminit.o
marks               0x50              binaries/mark.o
priolevel2          0x2               binaries/ready.o
currpid             0x4               binaries/initialize.o
Lf_data             0x20c             binaries/lfsinit.o
porttab             0x2d0             binaries/ptinit.o
girmask             0x2               binaries/evec.o
ttytab              0x110             binaries/ttyinit.o
proctab             0x1db0            binaries/initialize.o
prcount             0x4               binaries/initialize.o
lfltab              0xf00             binaries/lflinit.o
rdstab              0x8c              binaries/rdsinit.o
ethertab            0x130             binaries/ethinit.o
NetData             0xb0              binaries/net.o
nmarks              0x4               binaries/mark.o
time_period         0x4               binaries/clkinit.o
initsp              0x4               binaries/i386.o
Defer               0x8               binaries/resched.o
semtab              0x4b0             binaries/initialize.o
priolevel1          0x2               binaries/create_user_proc.o
maxheap             0x4               binaries/meminit.o
preempt             0x4               binaries/clkinit.o
buftab              0xf0              binaries/bufinit.o
Rf_data             0x18              binaries/rfsinit.o
mkmutex             0x4               binaries/mark.o
userprcount         0x4               binaries/initialize.o
clktime             0x4               binaries/clkinit.o
arpcache            0x140             binaries/arp.o
icmptab             0x230             binaries/icmp.o
nbpools             0x4               binaries/bufinit.o
queuetab            0x9b0             binaries/queue.o
priolevel3          0x2               binaries/ready.o
ptnextid            0x4               binaries/ptinit.o
Ram                 0x19000           binaries/raminit.o
ipoqueue            0x2c              binaries/ip.o
memlist             0x8               binaries/initialize.o
nametab             0x19a0            binaries/naminit.o
ptfree              0x4               binaries/ptinit.o

Memory Configuration

Name             Origin             Length             Attributes
*default*        0x0000000000000000 0xffffffffffffffff

Linker script and memory map

                0x0000000000100000                physbase = 0x100000
                0x0000000000100000                . = physbase
                0x0000000000100000                . = ALIGN (0x1000)

.text           0x0000000000100000    0x1b000
                0x0000000000100000                text = ABSOLUTE (.)
 *(.text .text.*)
 .text          0x0000000000100000      0x165 binaries/start.o
                0x0000000000100020                entry
                0x000000000010003d                start
                0x00000000001000a5                inb
                0x00000000001000ad                inw
                0x00000000001000b6                inl
                0x00000000001000be                outb
                0x00000000001000c8                outw
                0x00000000001000d3                outl
                0x00000000001000dd                _rtcin
                0x00000000001000e8                ___udivsi3
                0x00000000001000f3                ___divsi3
                0x00000000001000ff                sbzero
                0x000000000010010f                bcopy
                0x0000000000100123                insw
                0x0000000000100139                outsw
                0x000000000010014f                lidt
                0x0000000000100157                jumptocode
                0x000000000010015e                jumptobootcode
 .text          0x0000000000100165      0x3e3 binaries/ascdate.o
                0x0000000000100165                ascdate
 .text          0x0000000000100548       0x14 binaries/bufinit.o
                0x0000000000100548                bufinit
 .text          0x000000000010055c       0x95 binaries/chprio.o
                0x000000000010055c                chprio
 .text          0x00000000001005f1      0x274 binaries/clkhandler.o
                0x00000000001005f1                clkhandler
 .text          0x0000000000100865       0x88 binaries/clkinit.o
                0x0000000000100865                clkinit
 .text          0x00000000001008ed       0x75 binaries/close.o
                0x00000000001008ed                close
 .text          0x0000000000100962        0x0 binaries/conf.o
 .text          0x0000000000100962       0x7b binaries/control.o
                0x0000000000100962                control
 .text          0x00000000001009dd      0x2d3 binaries/create.o
                0x00000000001009dd                create
 .text          0x0000000000100cb0      0x3d1 binaries/create_user_proc.o
                0x0000000000100cb0                create_user_proc
                0x0000000000100f21                burst_execution
 .text          0x0000000000101081      0x35f binaries/evec.o
                0x0000000000101081                initevec
                0x00000000001010d8                set_evec
                0x000000000010117a                trap
 .text          0x00000000001013e0       0x19 binaries/exit.o
                0x00000000001013e0                exit
 .text          0x00000000001013f9       0x8c binaries/freebuf.o
                0x00000000001013f9                freebuf
 .text          0x0000000000101485      0x172 binaries/freemem.o
                0x0000000000101485                freemem
 .text          0x00000000001015f7       0x8a binaries/getbuf.o
                0x00000000001015f7                getbuf
 .text          0x0000000000101681       0x75 binaries/getc.o
                0x0000000000101681                getc
 .text          0x00000000001016f6       0x74 binaries/getdev.o
                0x00000000001016f6                getdev
 .text          0x000000000010176a       0xd0 binaries/getitem.o
                0x000000000010176a                getfirst
                0x00000000001017af                getlast
                0x00000000001017f6                getitem
 .text          0x000000000010183a      0x10a binaries/getmem.o
                0x000000000010183a                getmem
 .text          0x0000000000101944        0xa binaries/getpid.o
                0x0000000000101944                getpid
 .text          0x000000000010194e       0x7d binaries/getprio.o
                0x000000000010194e                getprio
 .text          0x00000000001019cb       0xfb binaries/getstk.o
                0x00000000001019cb                getstk
 .text          0x0000000000101ac6       0x16 binaries/getticks.o
                0x0000000000101ac6                getticks
 .text          0x0000000000101adc       0x3a binaries/gettime.o
                0x0000000000101adc                gettime
 .text          0x0000000000101b16      0x1ea binaries/getutime.o
                0x0000000000101b16                getutime
 .text          0x0000000000101d00      0x3c5 binaries/i386.o
                0x0000000000101d00                setsegs
                0x0000000000101e12                init8259
                0x0000000000101ec4                pseg
                0x000000000010206c                setirmask
 .text          0x00000000001020c5       0x75 binaries/init.o
                0x00000000001020c5                init
 .text          0x000000000010213a      0x3f4 binaries/initialize.o
                0x000000000010213a                nulluser
                0x00000000001024d5                stop
                0x0000000000102500                delay
 .text          0x000000000010252e       0xde binaries/insert.o
                0x000000000010252e                insert
 .text          0x000000000010260c      0x110 binaries/insertd.o
                0x000000000010260c                insertd
 .text          0x000000000010271c        0xa binaries/ioerr.o
                0x000000000010271c                ioerr
 .text          0x0000000000102726        0xa binaries/ionull.o
                0x0000000000102726                ionull
 .text          0x0000000000102730      0x1b3 binaries/kill.o
                0x0000000000102730                kill
 .text          0x00000000001028e3      0x14e binaries/kprintf.o
                0x00000000001028e3                kputc
                0x0000000000102976                kgetc
                0x0000000000102a07                kprintf
 .text          0x0000000000102a31       0xce binaries/main.o
                0x0000000000102a31                main
 .text          0x0000000000102aff       0xb5 binaries/mark.o
                0x0000000000102aff                markinit
                0x0000000000102b23                mark
 .text          0x0000000000102bb4       0xcc binaries/meminit.o
                0x0000000000102bb4                meminit
 .text          0x0000000000102c80      0x174 binaries/mkbufpool.o
                0x0000000000102c80                mkbufpool
 .text          0x0000000000102df4       0x94 binaries/newqueue.o
                0x0000000000102df4                newqueue
 .text          0x0000000000102e88       0x7b binaries/open.o
                0x0000000000102e88                open
 .text          0x0000000000102f03       0x20 binaries/panic.o
                0x0000000000102f03                panic
 .text          0x0000000000102f23      0x489 binaries/pci.o
                0x0000000000102f23                pci_init
                0x00000000001031e0                find_pci_device
                0x000000000010322e                pci_bios_read_config_byte
                0x000000000010326d                pci_bios_read_config_word
                0x00000000001032af                pci_bios_read_config_dword
                0x00000000001032ee                pci_bios_write_config_byte
                0x000000000010332f                pci_bios_write_config_word
                0x0000000000103371                pci_bios_write_config_dword
 .text          0x00000000001033ac       0xf1 binaries/ptclear.o
                0x00000000001033ac                _ptclear
 .text          0x000000000010349d       0x9d binaries/ptcount.o
                0x000000000010349d                ptcount
 .text          0x000000000010353a      0x116 binaries/ptcreate.o
                0x000000000010353a                ptcreate
 .text          0x0000000000103650       0x7f binaries/ptdelete.o
                0x0000000000103650                ptdelete
 .text          0x00000000001036cf       0xbf binaries/ptinit.o
                0x00000000001036cf                ptinit
 .text          0x000000000010378e      0x11b binaries/ptrecv.o
                0x000000000010378e                ptrecv
 .text          0x00000000001038a9       0x77 binaries/ptreset.o
                0x00000000001038a9                ptreset
 .text          0x0000000000103920      0x13d binaries/ptsend.o
                0x0000000000103920                ptsend
 .text          0x0000000000103a5d       0x80 binaries/putc.o
                0x0000000000103a5d                putc
 .text          0x0000000000103add      0x111 binaries/queue.o
                0x0000000000103add                enqueue
                0x0000000000103b81                dequeue
 .text          0x0000000000103bee       0x7b binaries/read.o
                0x0000000000103bee                read
 .text          0x0000000000103c69       0x9f binaries/ready.o
                0x0000000000103c69                ready
 .text          0x0000000000103d08       0x64 binaries/receive.o
                0x0000000000103d08                receive
 .text          0x0000000000103d6c       0x60 binaries/recvclr.o
                0x0000000000103d6c                recvclr
 .text          0x0000000000103dcc       0xbf binaries/recvtime.o
                0x0000000000103dcc                recvtime
 .text          0x0000000000103e8b      0x2b3 binaries/resched.o
                0x0000000000103e8b                resched
                0x00000000001040c9                resched_cntl
 .text          0x000000000010413e       0xb2 binaries/resume.o
                0x000000000010413e                resume
 .text          0x00000000001041f0       0x79 binaries/seek.o
                0x00000000001041f0                seek
 .text          0x0000000000104269       0x70 binaries/semcount.o
                0x0000000000104269                semcount
 .text          0x00000000001042d9       0xd6 binaries/semcreate.o
                0x00000000001042d9                semcreate
 .text          0x00000000001043af       0xcd binaries/semdelete.o
                0x00000000001043af                semdelete
 .text          0x000000000010447c       0xcb binaries/semreset.o
                0x000000000010447c                semreset
 .text          0x0000000000104547       0xee binaries/send.o
                0x0000000000104547                send
 .text          0x0000000000104635       0xa8 binaries/signal.o
                0x0000000000104635                signal
 .text          0x00000000001046dd       0xd6 binaries/signaln.o
                0x00000000001046dd                signaln
 .text          0x00000000001047b3      0x129 binaries/sleep.o
                0x00000000001047b3                sleep
                0x0000000000104801                sleepms
 .text          0x00000000001048dc      0x193 binaries/stacktrace.o
                0x00000000001048dc                stacktrace
 .text          0x0000000000104a6f       0xe8 binaries/suspend.o
                0x0000000000104a6f                suspend
 .text          0x0000000000104b57       0xea binaries/unsleep.o
                0x0000000000104b57                unsleep
 .text          0x0000000000104c41       0x19 binaries/userret.o
                0x0000000000104c41                userret
 .text          0x0000000000104c5a       0xdf binaries/wait.o
                0x0000000000104c5a                wait
 .text          0x0000000000104d39       0x72 binaries/wakeup.o
                0x0000000000104d39                wakeup
 .text          0x0000000000104dab       0x7b binaries/write.o
                0x0000000000104dab                write
 .text          0x0000000000104e26       0x1d binaries/xdone.o
                0x0000000000104e26                xdone
 .text          0x0000000000104e43       0x28 binaries/yield.o
                0x0000000000104e43                yield
 .text          0x0000000000104e6b       0x11 binaries/abs.o
                0x0000000000104e6b                abs
 .text          0x0000000000104e7c       0x8f binaries/atoi.o
                0x0000000000104e7c                atoi
 .text          0x0000000000104f0b       0x8f binaries/atol.o
                0x0000000000104f0b                atol
 .text          0x0000000000104f9a       0x31 binaries/bzero.o
                0x0000000000104f9a                bzero
 .text          0x0000000000104fcb        0x0 binaries/ctype_.o
 .text          0x0000000000104fcb      0x8ed binaries/doprnt.o
                0x0000000000104fcb                _doprnt
 .text          0x00000000001058b8      0x65c binaries/doscan.o
                0x00000000001058b8                _doscan
 .text          0x0000000000105f14      0x711 binaries/fdoprnt.o
                0x0000000000105f14                _fdoprnt
 .text          0x0000000000106625       0x29 binaries/fgetc.o
                0x0000000000106625                fgetc
 .text          0x000000000010664e       0x75 binaries/fgets.o
                0x000000000010664e                fgets
 .text          0x00000000001066c3       0x2a binaries/fprintf.o
                0x00000000001066c3                fprintf
 .text          0x00000000001066ed       0x2c binaries/fputc.o
                0x00000000001066ed                fputc
 .text          0x0000000000106719       0x43 binaries/fputs.o
                0x0000000000106719                fputs
 .text          0x000000000010675c       0x8a binaries/fscanf.o
                0x000000000010675c                fscanf
 .text          0x00000000001067e6       0x35 binaries/getchar.o
                0x00000000001067e6                getchar
 .text          0x000000000010681b       0x11 binaries/labs.o
                0x000000000010681b                labs
 .text          0x000000000010682c        0x0 binaries/memchr.o
 .text          0x000000000010682c       0x51 binaries/memcmp.o
                0x000000000010682c                memcmp
 .text          0x000000000010687d       0x3f binaries/memcpy.o
                0x000000000010687d                memcpy
 .text          0x00000000001068bc       0x30 binaries/memset.o
                0x00000000001068bc                memset
 .text          0x00000000001068ec       0x4b binaries/printf.o
                0x00000000001068ec                printf
 .text          0x0000000000106937       0x38 binaries/putchar.o
                0x0000000000106937                putchar
 .text          0x000000000010696f      0x27e binaries/qsort.o
                0x000000000010696f                qsort
 .text          0x0000000000106bed       0x63 binaries/rand.o
                0x0000000000106bed                rand
                0x0000000000106c05                rand_r
                0x0000000000106c43                srand
 .text          0x0000000000106c50       0x66 binaries/sprintf.o
                0x0000000000106c50                sprintf
 .text          0x0000000000106cb6       0x70 binaries/sscanf.o
                0x0000000000106cb6                sscanf
 .text          0x0000000000106d26       0x3c binaries/strchr.o
                0x0000000000106d26                strchr
 .text          0x0000000000106d62       0x45 binaries/strcmp.o
                0x0000000000106d62                strcmp
 .text          0x0000000000106da7       0x27 binaries/strcpy.o
                0x0000000000106da7                strcpy
 .text          0x0000000000106dce       0x26 binaries/strlen.o
                0x0000000000106dce                strlen
 .text          0x0000000000106df4       0x56 binaries/strncat.o
                0x0000000000106df4                strncat
 .text          0x0000000000106e4a       0x5f binaries/strncmp.o
                0x0000000000106e4a                strncmp
 .text          0x0000000000106ea9       0x4f binaries/strncpy.o
                0x0000000000106ea9                strncpy
 .text          0x0000000000106ef8       0x2e binaries/strnlen.o
                0x0000000000106ef8                strnlen
 .text          0x0000000000106f26       0x45 binaries/strrchr.o
                0x0000000000106f26                strrchr
 .text          0x0000000000106f6b       0x6d binaries/strstr.o
                0x0000000000106f6b                strstr
 .text          0x0000000000106fd8       0xe4 binaries/ttycontrol.o
                0x0000000000106fd8                ttycontrol
 .text          0x00000000001070bc       0x97 binaries/ttygetc.o
                0x00000000001070bc                ttygetc
 .text          0x0000000000107153      0x6ee binaries/ttyhandle_in.o
                0x0000000000107153                ttyhandle_in
 .text          0x0000000000107841      0x1ae binaries/ttyhandle_out.o
                0x0000000000107841                ttyhandle_out
 .text          0x00000000001079ef       0xce binaries/ttyhandler.o
                0x00000000001079ef                ttyhandler
 .text          0x0000000000107abd      0x22f binaries/ttyinit.o
                0x0000000000107abd                ttyinit
 .text          0x0000000000107cec       0x1b binaries/ttykickout.o
                0x0000000000107cec                ttykickout
 .text          0x0000000000107d07       0xb7 binaries/ttyputc.o
                0x0000000000107d07                ttyputc
 .text          0x0000000000107dbe      0x11b binaries/ttyread.o
                0x0000000000107dbe                ttyread
 .text          0x0000000000107ed9       0x4f binaries/ttywrite.o
                0x0000000000107ed9                ttywrite
 .text          0x0000000000107f28      0x14b binaries/mount.o
                0x0000000000107f28                mount
                0x000000000010803d                namlen
 .text          0x0000000000108073      0x1ea binaries/naminit.o
                0x0000000000108073                naminit
 .text          0x000000000010825d      0x211 binaries/nammap.o
                0x000000000010825d                nammap
                0x00000000001082e8                namrepl
                0x000000000010841e                namcpy
 .text          0x000000000010846e       0x4e binaries/namopen.o
                0x000000000010846e                namopen
 .text          0x00000000001084bc      0xec3 binaries/82545EMInit.o
                0x000000000010851a                _82545EMInit
                0x00000000001091eb                _82545EM_read_phy_reg
                0x00000000001092b1                _82545EM_write_phy_reg
 .text          0x000000000010937f      0x241 binaries/ethcontrol.o
                0x00000000001093dd                ethcontrol
                0x0000000000109553                ethIrqDisable
                0x0000000000109588                ethIrqEnable
 .text          0x00000000001095c0      0x252 binaries/ethhandler.o
                0x0000000000109730                ethhandler
 .text          0x0000000000109812      0x126 binaries/ethinit.o
                0x0000000000109812                ethinit
 .text          0x0000000000109938      0x1f4 binaries/ethread.o
                0x0000000000109996                ethread
 .text          0x0000000000109b2c      0x19f binaries/ethwrite.o
                0x0000000000109b8a                ethwrite
 .text          0x0000000000109ccb       0x9e binaries/rdsbufalloc.o
                0x0000000000109ccb                rdsbufalloc
 .text          0x0000000000109d69       0xcc binaries/rdsclose.o
                0x0000000000109d69                rdsclose
 .text          0x0000000000109e35      0x2e8 binaries/rdscomm.o
                0x0000000000109e35                rdscomm
 .text          0x000000000010a11d      0x233 binaries/rdscontrol.o
                0x000000000010a11d                rdscontrol
 .text          0x000000000010a350      0x1f3 binaries/rdsinit.o
                0x000000000010a350                rdsinit
 .text          0x000000000010a543      0x19b binaries/rdsopen.o
                0x000000000010a543                rdsopen
 .text          0x000000000010a6de      0x461 binaries/rdsprocess.o
                0x000000000010a6de                rdsprocess
 .text          0x000000000010ab3f      0x259 binaries/rdsread.o
                0x000000000010ab3f                rdsread
 .text          0x000000000010ad98      0x1fe binaries/rdswrite.o
                0x000000000010ad98                rdswrite
 .text          0x000000000010af96        0xa binaries/ramclose.o
                0x000000000010af96                ramclose
 .text          0x000000000010afa0       0x3e binaries/raminit.o
                0x000000000010afa0                raminit
 .text          0x000000000010afde        0xa binaries/ramopen.o
                0x000000000010afde                ramopen
 .text          0x000000000010afe8       0x32 binaries/ramread.o
                0x000000000010afe8                ramread
 .text          0x000000000010b01a       0x32 binaries/ramwrite.o
                0x000000000010b01a                ramwrite
 .text          0x000000000010b04c       0x98 binaries/lfdballoc.o
                0x000000000010b04c                lfdballoc
 .text          0x000000000010b0e4       0x58 binaries/lfdbfree.o
                0x000000000010b0e4                lfdbfree
 .text          0x000000000010b13c       0xb6 binaries/lfflush.o
                0x000000000010b13c                lfflush
 .text          0x000000000010b1f2       0xd8 binaries/lfgetmode.o
                0x000000000010b1f2                lfgetmode
 .text          0x000000000010b2ca       0x68 binaries/lfiballoc.o
                0x000000000010b2ca                lfiballoc
 .text          0x000000000010b332       0x3b binaries/lfibclear.o
                0x000000000010b332                lfibclear
 .text          0x000000000010b36d       0xad binaries/lfibget.o
                0x000000000010b36d                lfibget
 .text          0x000000000010b41a       0xdc binaries/lfibput.o
                0x000000000010b41a                lfibput
 .text          0x000000000010b4f6       0xa2 binaries/lflclose.o
                0x000000000010b4f6                lflclose
 .text          0x000000000010b598       0xd0 binaries/lflcontrol.o
                0x000000000010b598                lflcontrol
 .text          0x000000000010b668       0xf2 binaries/lflgetc.o
                0x000000000010b668                lflgetc
 .text          0x000000000010b75a       0xf1 binaries/lflinit.o
                0x000000000010b75a                lflinit
 .text          0x000000000010b84b      0x122 binaries/lflputc.o
                0x000000000010b84b                lflputc
 .text          0x000000000010b96d       0x70 binaries/lflread.o
                0x000000000010b96d                lflread
 .text          0x000000000010b9dd       0xac binaries/lflseek.o
                0x000000000010b9dd                lflseek
 .text          0x000000000010ba89       0x55 binaries/lflwrite.o
                0x000000000010ba89                lflwrite
 .text          0x000000000010bade       0x62 binaries/lfscheck.o
                0x000000000010bade                lfscheck
 .text          0x000000000010bb40      0x175 binaries/lfsckfmt.o
                0x000000000010bb40                lfsckfmt
 .text          0x000000000010bcb5      0x1ad binaries/lfscreate.o
                0x000000000010bcb5                lfscreate
 .text          0x000000000010be62      0x278 binaries/lfsetup.o
                0x000000000010be62                lfsetup
 .text          0x000000000010c0da       0x51 binaries/lfsinit.o
                0x000000000010c0da                lfsinit
 .text          0x000000000010c12b      0x3c0 binaries/lfsopen.o
                0x000000000010c12b                lfsopen
 .text          0x000000000010c4eb      0x15e binaries/lftruncate.o
                0x000000000010c4eb                lftruncate
 .text          0x000000000010c649       0x71 binaries/rflclose.o
                0x000000000010c649                rflclose
 .text          0x000000000010c6ba       0x32 binaries/rflgetc.o
                0x000000000010c6ba                rflgetc
 .text          0x000000000010c6ec       0x76 binaries/rflinit.o
                0x000000000010c6ec                rflinit
 .text          0x000000000010c762       0x33 binaries/rflputc.o
                0x000000000010c762                rflputc
 .text          0x000000000010c795      0x360 binaries/rflread.o
                0x000000000010c795                rflread
 .text          0x000000000010caf5       0x74 binaries/rflseek.o
                0x000000000010caf5                rflseek
 .text          0x000000000010cb69      0x34d binaries/rflwrite.o
                0x000000000010cb69                rflwrite
 .text          0x000000000010ceb6      0x1e2 binaries/rfscomm.o
                0x000000000010ceb6                rfscomm
 .text          0x000000000010d098      0x26d binaries/rfscontrol.o
                0x000000000010d098                rfscontrol
 .text          0x000000000010d305       0xd8 binaries/rfsgetmode.o
                0x000000000010d305                rfsgetmode
 .text          0x000000000010d3dd       0x86 binaries/rfsinit.o
                0x000000000010d3dd                rfsinit
 .text          0x000000000010d463      0x111 binaries/rfsndmsg.o
                0x000000000010d463                rfsndmsg
 .text          0x000000000010d574      0x2aa binaries/rfsopen.o
                0x000000000010d574                rfsopen
 .text          0x000000000010d81e      0x836 binaries/arp.o
                0x000000000010d81e                arp_init
                0x000000000010d850                arp_resolve
                0x000000000010db04                arp_in
                0x000000000010ddbc                arp_alloc
                0x000000000010de7c                arp_ntoh
                0x000000000010df68                arp_hton
 .text          0x000000000010e054      0x8e3 binaries/dhcp.o
                0x000000000010e054                dhcp_get_opt_val
                0x000000000010e0ad                dhcp_bld_bootp_msg
                0x000000000010e1ba                dhcp_bld_disc
                0x000000000010e2a3                dhcp_bld_req
                0x000000000010e415                getlocalip
 .text          0x000000000010e937      0x59f binaries/dns.o
                0x000000000010e937                dnslookup
 .text          0x000000000010eed6       0xe8 binaries/dot2ip.o
                0x000000000010eed6                dot2ip
 .text          0x000000000010efbe      0x4c4 binaries/hexdump.o
                0x000000000010efbe                hexdump
                0x000000000010f165                hexadump
 .text          0x000000000010f482      0x8af binaries/icmp.o
                0x000000000010f482                icmp_init
                0x000000000010f4b9                icmp_in
                0x000000000010f68f                icmp_register
                0x000000000010f78a                icmp_recv
                0x000000000010f916                icmp_send
                0x000000000010f99e                icmp_mkpkt
                0x000000000010fab8                icmp_release
                0x000000000010fbb6                icmp_cksum
                0x000000000010fc49                icmp_hton
                0x000000000010fcbd                icmp_ntoh
 .text          0x000000000010fd31      0x8a5 binaries/ip.o
                0x000000000010fd31                ip_in
                0x000000000010feb5                ip_send
                0x0000000000110010                ip_local
                0x000000000011005c                ip_out
                0x0000000000110195                ipcksum
                0x000000000011021b                ip_ntoh
                0x0000000000110307                ip_hton
                0x00000000001103f3                ipout
                0x0000000000110522                ip_enqueue
 .text          0x00000000001105d6      0x2cd binaries/net.o
                0x00000000001105d6                net_init
                0x00000000001106fe                netin
                0x00000000001107bb                eth_hton
                0x00000000001107e5                eth_ntoh
                0x000000000011080f                getport
 .text          0x00000000001108a3     0x147f binaries/pdump.o
                0x00000000001108a3                pdump
                0x0000000000111660                pdumph
 .text          0x0000000000111d22      0x613 binaries/tftp.o
                0x0000000000111d22                tftp_send1
                0x0000000000111e9a                tftpget
                0x0000000000111ecc                tftpget_mb
 .text          0x0000000000112335      0xb82 binaries/udp.o
                0x0000000000112335                udp_init
                0x000000000011236a                udp_in
                0x00000000001124ac                udp_register
                0x00000000001125e9                udp_recv
                0x0000000000112785                udp_recvaddr
                0x0000000000112939                udp_send
                0x0000000000112b21                udp_sendto
                0x0000000000112cd2                udp_release
                0x0000000000112dcd                udp_ntoh
                0x0000000000112e42                udp_hton
 .text          0x0000000000112eb7      0x13c binaries/addargs.o
                0x0000000000112eb7                addargs
 .text          0x0000000000112ff3      0x2c9 binaries/lexan.o
                0x0000000000112ff3                lexan
 .text          0x00000000001132bc      0x66b binaries/shell.o
                0x00000000001132bc                shell
 .text          0x0000000000113927       0x69 binaries/xsh_argecho.o
                0x0000000000113927                xsh_argecho
 .text          0x0000000000113990      0x275 binaries/xsh_arp.o
                0x0000000000113990                xsh_arp
 .text          0x0000000000113c05      0x28a binaries/xsh_cat.o
                0x0000000000113c05                xsh_cat
 .text          0x0000000000113e8f       0x62 binaries/xsh_clear.o
                0x0000000000113e8f                xsh_clear
 .text          0x0000000000113ef1      0x30e binaries/xsh_date.o
                0x0000000000113ef1                xsh_date
 .text          0x00000000001141ff       0xb2 binaries/xsh_devdump.o
                0x00000000001141ff                xsh_devdump
 .text          0x00000000001142b1       0x72 binaries/xsh_echo.o
                0x00000000001142b1                xsh_echo
 .text          0x0000000000114323        0xa binaries/xsh_exit.o
                0x0000000000114323                xsh_exit
 .text          0x000000000011432d      0x391 binaries/xsh_help.o
                0x000000000011432d                xsh_help
 .text          0x00000000001146be      0x25d binaries/xsh_kill.o
                0x00000000001146be                xsh_kill
 .text          0x000000000011491b      0x55d binaries/xsh_memdump.o
                0x000000000011491b                xsh_memdump
 .text          0x0000000000114e78      0x2b7 binaries/xsh_memstat.o
                0x0000000000114e78                xsh_memstat
 .text          0x000000000011512f      0x51d binaries/xsh_netinfo.o
                0x000000000011512f                xsh_netinfo
 .text          0x000000000011564c      0x4b3 binaries/xsh_ping.o
                0x000000000011564c                xsh_ping
 .text          0x0000000000115aff      0x230 binaries/xsh_ps.o
                0x0000000000115aff                xsh_ps
 .text          0x0000000000115d2f      0x239 binaries/xsh_sleep.o
                0x0000000000115d2f                xsh_sleep
 .text          0x0000000000115f68      0x282 binaries/xsh_udpdump.o
                0x0000000000115f68                xsh_udpdump
 .text          0x00000000001161ea      0x4ea binaries/xsh_udpecho.o
                0x00000000001161ea                xsh_udpecho
 .text          0x00000000001166d4      0x2c8 binaries/xsh_udpserver.o
                0x00000000001166d4                xsh_udpeserver
 .text          0x000000000011699c      0x1fb binaries/xsh_uptime.o
                0x000000000011699c                xsh_uptime
 .text          0x0000000000116b97        0xe binaries/clkdisp.o
                0x0000000000116b97                clkdisp
 .text          0x0000000000116ba5       0x19 binaries/ctxsw.o
                0x0000000000116ba5                ctxsw
 .text          0x0000000000116bbe      0x36b binaries/intr.o
                0x0000000000116bbe                disable
                0x0000000000116bc7                restore
                0x0000000000116bd5                enable
                0x0000000000116bd7                pause
                0x0000000000116bde                halt
                0x0000000000116be4                spurious_irq7
                0x0000000000116be9                spurious_irq15
                0x0000000000116bf8                _Xint0
                0x0000000000116c03                _Xint1
                0x0000000000116c0e                _Xint2
                0x0000000000116c19                _Xint3
                0x0000000000116c24                _Xint4
                0x0000000000116c2f                _Xint5
                0x0000000000116c3a                _Xint6
                0x0000000000116c45                _Xint7
                0x0000000000116c50                _Xint8
                0x0000000000116c5b                _Xint9
                0x0000000000116c66                _Xint10
                0x0000000000116c71                _Xint11
                0x0000000000116c7f                _Xint12
                0x0000000000116c8d                _Xint13
                0x0000000000116c9b                _Xint14
                0x0000000000116ca9                _Xint15
                0x0000000000116cb7                _Xint16
                0x0000000000116cc5                _Xint17
                0x0000000000116cd3                _Xint18
                0x0000000000116ce1                _Xint19
                0x0000000000116cef                _Xint20
                0x0000000000116cfd                _Xint21
                0x0000000000116d0b                _Xint22
                0x0000000000116d19                _Xint23
                0x0000000000116d27                _Xint24
                0x0000000000116d35                _Xint25
                0x0000000000116d43                _Xint26
                0x0000000000116d51                _Xint27
                0x0000000000116d5f                _Xint28
                0x0000000000116d6d                _Xint29
                0x0000000000116d7b                _Xint30
                0x0000000000116d89                _Xint31
                0x0000000000116d97                _Xint32
                0x0000000000116da5                _Xint33
                0x0000000000116db3                _Xint34
                0x0000000000116dc1                _Xint35
                0x0000000000116dcf                _Xint36
                0x0000000000116ddd                _Xint37
                0x0000000000116deb                _Xint38
                0x0000000000116df9                _Xint39
                0x0000000000116e07                _Xint40
                0x0000000000116e15                _Xint41
                0x0000000000116e23                _Xint42
                0x0000000000116e31                _Xint43
                0x0000000000116e3f                _Xint44
                0x0000000000116e4d                _Xint45
                0x0000000000116e5b                _Xint46
                0x0000000000116e69                defevec
 .text          0x0000000000116f29        0xf binaries/ttydispatch.o
                0x0000000000116f29                ttydispatch
 .text          0x0000000000116f38       0x13 binaries/ethdispatch.o
                0x0000000000116f38                ethdispatch
 *(.rodata .rodata.*)
 *fill*         0x0000000000116f4b        0x1 
 .rodata        0x0000000000116f4c       0x8e binaries/ascdate.o
 .rodata        0x0000000000116fda       0x53 binaries/clkhandler.o
 .rodata        0x000000000011702d       0xae binaries/conf.o
 *fill*         0x00000000001170db        0x1 
 .rodata        0x00000000001170dc      0x22f binaries/evec.o
 *fill*         0x000000000011730b        0x1 
 .rodata        0x000000000011730c       0x61 binaries/getutime.o
 *fill*         0x000000000011736d        0x3 
 .rodata        0x0000000000117370       0x90 binaries/i386.o
 .rodata        0x0000000000117400      0x181 binaries/initialize.o
 *fill*         0x0000000000117581        0x3 
 .rodata        0x0000000000117584       0x20 binaries/kill.o
 .rodata        0x00000000001175a4       0x10 binaries/main.o
 .rodata        0x00000000001175b4        0xf binaries/panic.o
 *fill*         0x00000000001175c3        0x1 
 .rodata        0x00000000001175c4      0x1ec binaries/pci.o
 .rodata        0x00000000001177b0       0x1d binaries/ptinit.o
 *fill*         0x00000000001177cd        0x3 
 .rodata        0x00000000001177d0       0x25 binaries/ptsend.o
 .rodata        0x00000000001177f5        0xe binaries/resched.o
 *fill*         0x0000000000117803        0x1 
 .rodata        0x0000000000117804       0xb7 binaries/stacktrace.o
 *fill*         0x00000000001178bb        0x1 
 .rodata        0x00000000001178bc       0x27 binaries/xdone.o
 *fill*         0x00000000001178e3       0x1d 
 .rodata        0x0000000000117900       0x81 binaries/ctype_.o
                0x0000000000117900                _ctype_
 *fill*         0x0000000000117981        0x3 
 .rodata        0x0000000000117984       0xee binaries/doprnt.o
 *fill*         0x0000000000117a72        0x2 
 .rodata        0x0000000000117a74       0x98 binaries/doscan.o
 .rodata        0x0000000000117b0c       0xae binaries/fdoprnt.o
 *fill*         0x0000000000117bba        0x2 
 .rodata        0x0000000000117bbc       0x20 binaries/ttycontrol.o
 .rodata        0x0000000000117bdc       0x34 binaries/ttyhandler.o
 .rodata        0x0000000000117c10       0x80 binaries/naminit.o
 .rodata        0x0000000000117c90       0x2e binaries/82545EMInit.o
 *fill*         0x0000000000117cbe        0x2 
 .rodata        0x0000000000117cc0       0x78 binaries/ethinit.o
 .rodata        0x0000000000117d38       0x18 binaries/ethread.o
 .rodata        0x0000000000117d50       0x2c binaries/rdsbufalloc.o
 .rodata        0x0000000000117d7c       0x76 binaries/rdscomm.o
 *fill*         0x0000000000117df2        0x2 
 .rodata        0x0000000000117df4       0x48 binaries/rdscontrol.o
 .rodata        0x0000000000117e3c       0x96 binaries/rdsinit.o
 *fill*         0x0000000000117ed2        0x2 
 .rodata        0x0000000000117ed4       0x22 binaries/rdsopen.o
 *fill*         0x0000000000117ef6        0x2 
 .rodata        0x0000000000117ef8       0x4d binaries/rdsprocess.o
 .rodata        0x0000000000117f45        0x9 binaries/raminit.o
 *fill*         0x0000000000117f4e        0x2 
 .rodata        0x0000000000117f50       0x37 binaries/lfdballoc.o
 .rodata        0x0000000000117f87       0x14 binaries/lfiballoc.o
 *fill*         0x0000000000117f9b        0x1 
 .rodata        0x0000000000117f9c       0x23 binaries/lflcontrol.o
 *fill*         0x0000000000117fbf        0x1 
 .rodata        0x0000000000117fc0      0x11b binaries/lfsckfmt.o
 *fill*         0x00000000001180db        0x1 
 .rodata        0x00000000001180dc       0x2a binaries/lfsopen.o
 *fill*         0x0000000000118106        0x2 
 .rodata        0x0000000000118108       0x21 binaries/rflread.o
 *fill*         0x0000000000118129        0x3 
 .rodata        0x000000000011812c       0x21 binaries/rflwrite.o
 *fill*         0x000000000011814d        0x3 
 .rodata        0x0000000000118150       0x75 binaries/rfscomm.o
 *fill*         0x00000000001181c5        0x3 
 .rodata        0x00000000001181c8       0x3c binaries/rfscontrol.o
 .rodata        0x0000000000118204       0x63 binaries/rfsinit.o
 *fill*         0x0000000000118267        0x1 
 .rodata        0x0000000000118268       0x2a binaries/rfsndmsg.o
 *fill*         0x0000000000118292        0x2 
 .rodata        0x0000000000118294       0x22 binaries/rfsopen.o
 *fill*         0x00000000001182b6        0x2 
 .rodata        0x00000000001182b8       0x3a binaries/arp.o
 *fill*         0x00000000001182f2        0x2 
 .rodata        0x00000000001182f4       0xcf binaries/dhcp.o
 .rodata        0x00000000001183c3       0x1a binaries/dns.o
 *fill*         0x00000000001183dd        0x3 
 .rodata        0x00000000001183e0       0xc9 binaries/hexdump.o
 *fill*         0x00000000001184a9        0x3 
 .rodata        0x00000000001184ac       0x29 binaries/icmp.o
 *fill*         0x00000000001184d5        0x3 
 .rodata        0x00000000001184d8       0x6e binaries/ip.o
 *fill*         0x0000000000118546        0x2 
 .rodata        0x0000000000118548       0x4f binaries/net.o
 *fill*         0x0000000000118597        0x1 
 .rodata        0x0000000000118598      0x26f binaries/pdump.o
 *fill*         0x0000000000118807        0x1 
 .rodata        0x0000000000118808      0x154 binaries/tftp.o
 *fill*         0x000000000011895c        0x4 
 .rodata        0x0000000000118960      0x3c1 binaries/shell.o
                0x00000000001189e0                cmdtab
 .rodata        0x0000000000118d21       0x28 binaries/xsh_argecho.o
 *fill*         0x0000000000118d49        0x3 
 .rodata        0x0000000000118d4c      0x123 binaries/xsh_arp.o
 *fill*         0x0000000000118e6f        0x1 
 .rodata        0x0000000000118e70       0xc9 binaries/xsh_cat.o
 .rodata        0x0000000000118f39       0x19 binaries/xsh_clear.o
 *fill*         0x0000000000118f52        0x2 
 .rodata        0x0000000000118f54      0x1c3 binaries/xsh_date.o
 .rodata        0x0000000000119117       0x5d binaries/xsh_devdump.o
 .rodata        0x0000000000119174        0x9 binaries/xsh_echo.o
 *fill*         0x000000000011917d        0x3 
 .rodata        0x0000000000119180      0x169 binaries/xsh_help.o
 *fill*         0x00000000001192e9        0x3 
 .rodata        0x00000000001192ec      0x12e binaries/xsh_kill.o
 *fill*         0x000000000011941a        0x2 
 .rodata        0x000000000011941c      0x266 binaries/xsh_memdump.o
 *fill*         0x0000000000119682        0x2 
 .rodata        0x0000000000119684      0x225 binaries/xsh_memstat.o
 *fill*         0x00000000001198a9        0x3 
 .rodata        0x00000000001198ac      0x1b0 binaries/xsh_netinfo.o
 .rodata        0x0000000000119a5c      0x1a1 binaries/xsh_ping.o
 *fill*         0x0000000000119bfd        0x3 
 .rodata        0x0000000000119c00      0x1e0 binaries/xsh_ps.o
 .rodata        0x0000000000119de0       0xeb binaries/xsh_sleep.o
 *fill*         0x0000000000119ecb        0x1 
 .rodata        0x0000000000119ecc      0x1b8 binaries/xsh_udpdump.o
 .rodata        0x000000000011a084      0x215 binaries/xsh_udpecho.o
 *fill*         0x000000000011a299        0x3 
 .rodata        0x000000000011a29c      0x12b binaries/xsh_udpserver.o
 *fill*         0x000000000011a3c7        0x1 
 .rodata        0x000000000011a3c8      0x105 binaries/xsh_uptime.o
                0x000000000011a4cd                etext = ABSOLUTE (.)
                0x000000000011b000                . = ALIGN (0x1000)
 *fill*         0x000000000011a4cd      0xb33 

.eh_frame       0x000000000011b000     0x2c90
 .eh_frame      0x000000000011b000       0x38 binaries/ascdate.o
 .eh_frame      0x000000000011b038       0x20 binaries/bufinit.o
                                         0x38 (size before relaxing)
 .eh_frame      0x000000000011b058       0x20 binaries/chprio.o
                                         0x38 (size before relaxing)
 .eh_frame      0x000000000011b078       0x20 binaries/clkhandler.o
                                         0x38 (size before relaxing)
 .eh_frame      0x000000000011b098       0x20 binaries/clkinit.o
                                         0x38 (size before relaxing)
 .eh_frame      0x000000000011b0b8       0x20 binaries/close.o
                                         0x38 (size before relaxing)
 .eh_frame      0x000000000011b0d8       0x20 binaries/control.o
                                         0x38 (size before relaxing)
 .eh_frame      0x000000000011b0f8       0x40 binaries/create.o
                                         0x58 (size before relaxing)
 .eh_frame      0x000000000011b138       0x60 binaries/create_user_proc.o
                                         0x78 (size before relaxing)
 .eh_frame      0x000000000011b198       0x60 binaries/evec.o
                                         0x78 (size before relaxing)
 .eh_frame      0x000000000011b1f8       0x20 binaries/exit.o
                                         0x38 (size before relaxing)
 .eh_frame      0x000000000011b218       0x20 binaries/freebuf.o
                                         0x38 (size before relaxing)
 .eh_frame      0x000000000011b238       0x20 binaries/freemem.o
                                         0x38 (size before relaxing)
 .eh_frame      0x000000000011b258       0x20 binaries/getbuf.o
                                         0x38 (size before relaxing)
 .eh_frame      0x000000000011b278       0x20 binaries/getc.o
                                         0x38 (size before relaxing)
 .eh_frame      0x000000000011b298       0x20 binaries/getdev.o
                                         0x38 (size before relaxing)
 .eh_frame      0x000000000011b2b8       0x60 binaries/getitem.o
                                         0x78 (size before relaxing)
 .eh_frame      0x000000000011b318       0x20 binaries/getmem.o
                                         0x38 (size before relaxing)
 .eh_frame      0x000000000011b338       0x20 binaries/getpid.o
                                         0x38 (size before relaxing)
 .eh_frame      0x000000000011b358       0x20 binaries/getprio.o
                                         0x38 (size before relaxing)
 .eh_frame      0x000000000011b378       0x20 binaries/getstk.o
                                         0x38 (size before relaxing)
 .eh_frame      0x000000000011b398       0x20 binaries/getticks.o
                                         0x38 (size before relaxing)
 .eh_frame      0x000000000011b3b8       0x20 binaries/gettime.o
                                         0x38 (size before relaxing)
 .eh_frame      0x000000000011b3d8       0x20 binaries/getutime.o
                                         0x38 (size before relaxing)
 .eh_frame      0x000000000011b3f8       0x8c binaries/i386.o
                                         0xa4 (size before relaxing)
 .eh_frame      0x000000000011b484       0x20 binaries/init.o
                                         0x38 (size before relaxing)
 .eh_frame      0x000000000011b4a4       0xa0 binaries/initialize.o
                                         0xb8 (size before relaxing)
 .eh_frame      0x000000000011b544       0x20 binaries/insert.o
                                         0x38 (size before relaxing)
 .eh_frame      0x000000000011b564       0x20 binaries/insertd.o
                                         0x38 (size before relaxing)
 .eh_frame      0x000000000011b584       0x20 binaries/ioerr.o
                                         0x38 (size before relaxing)
 .eh_frame      0x000000000011b5a4       0x20 binaries/ionull.o
                                         0x38 (size before relaxing)
 .eh_frame      0x000000000011b5c4       0x20 binaries/kill.o
                                         0x38 (size before relaxing)
 .eh_frame      0x000000000011b5e4       0x60 binaries/kprintf.o
                                         0x78 (size before relaxing)
 .eh_frame      0x000000000011b644       0x2c binaries/main.o
                                         0x44 (size before relaxing)
 .eh_frame      0x000000000011b670       0x40 binaries/mark.o
                                         0x58 (size before relaxing)
 .eh_frame      0x000000000011b6b0       0x20 binaries/meminit.o
                                         0x38 (size before relaxing)
 .eh_frame      0x000000000011b6d0       0x20 binaries/mkbufpool.o
                                         0x38 (size before relaxing)
 .eh_frame      0x000000000011b6f0       0x20 binaries/newqueue.o
                                         0x38 (size before relaxing)
 .eh_frame      0x000000000011b710       0x20 binaries/open.o
                                         0x38 (size before relaxing)
 .eh_frame      0x000000000011b730       0x1c binaries/panic.o
                                         0x34 (size before relaxing)
 .eh_frame      0x000000000011b74c      0x1c8 binaries/pci.o
                                        0x1e0 (size before relaxing)
 .eh_frame      0x000000000011b914       0x20 binaries/ptclear.o
                                         0x38 (size before relaxing)
 .eh_frame      0x000000000011b934       0x20 binaries/ptcount.o
                                         0x38 (size before relaxing)
 .eh_frame      0x000000000011b954       0x20 binaries/ptcreate.o
                                         0x38 (size before relaxing)
 .eh_frame      0x000000000011b974       0x20 binaries/ptdelete.o
                                         0x38 (size before relaxing)
 .eh_frame      0x000000000011b994       0x20 binaries/ptinit.o
                                         0x38 (size before relaxing)
 .eh_frame      0x000000000011b9b4       0x20 binaries/ptrecv.o
                                         0x38 (size before relaxing)
 .eh_frame      0x000000000011b9d4       0x20 binaries/ptreset.o
                                         0x38 (size before relaxing)
 .eh_frame      0x000000000011b9f4       0x20 binaries/ptsend.o
                                         0x38 (size before relaxing)
 .eh_frame      0x000000000011ba14       0x20 binaries/putc.o
                                         0x38 (size before relaxing)
 .eh_frame      0x000000000011ba34       0x40 binaries/queue.o
                                         0x58 (size before relaxing)
 .eh_frame      0x000000000011ba74       0x20 binaries/read.o
                                         0x38 (size before relaxing)
 .eh_frame      0x000000000011ba94       0x24 binaries/ready.o
                                         0x3c (size before relaxing)
 .eh_frame      0x000000000011bab8       0x20 binaries/receive.o
                                         0x38 (size before relaxing)
 .eh_frame      0x000000000011bad8       0x20 binaries/recvclr.o
                                         0x38 (size before relaxing)
 .eh_frame      0x000000000011baf8       0x20 binaries/recvtime.o
                                         0x38 (size before relaxing)
 .eh_frame      0x000000000011bb18       0x40 binaries/resched.o
                                         0x58 (size before relaxing)
 .eh_frame      0x000000000011bb58       0x20 binaries/resume.o
                                         0x38 (size before relaxing)
 .eh_frame      0x000000000011bb78       0x20 binaries/seek.o
                                         0x38 (size before relaxing)
 .eh_frame      0x000000000011bb98       0x20 binaries/semcount.o
                                         0x38 (size before relaxing)
 .eh_frame      0x000000000011bbb8       0x40 binaries/semcreate.o
                                         0x58 (size before relaxing)
 .eh_frame      0x000000000011bbf8       0x20 binaries/semdelete.o
                                         0x38 (size before relaxing)
 .eh_frame      0x000000000011bc18       0x20 binaries/semreset.o
                                         0x38 (size before relaxing)
 .eh_frame      0x000000000011bc38       0x20 binaries/send.o
                                         0x38 (size before relaxing)
 .eh_frame      0x000000000011bc58       0x20 binaries/signal.o
                                         0x38 (size before relaxing)
 .eh_frame      0x000000000011bc78       0x20 binaries/signaln.o
                                         0x38 (size before relaxing)
 .eh_frame      0x000000000011bc98       0x40 binaries/sleep.o
                                         0x58 (size before relaxing)
 .eh_frame      0x000000000011bcd8       0x20 binaries/stacktrace.o
                                         0x38 (size before relaxing)
 .eh_frame      0x000000000011bcf8       0x20 binaries/suspend.o
                                         0x38 (size before relaxing)
 .eh_frame      0x000000000011bd18       0x20 binaries/unsleep.o
                                         0x38 (size before relaxing)
 .eh_frame      0x000000000011bd38       0x20 binaries/userret.o
                                         0x38 (size before relaxing)
 .eh_frame      0x000000000011bd58       0x20 binaries/wait.o
                                         0x38 (size before relaxing)
 .eh_frame      0x000000000011bd78       0x20 binaries/wakeup.o
                                         0x38 (size before relaxing)
 .eh_frame      0x000000000011bd98       0x20 binaries/write.o
                                         0x38 (size before relaxing)
 .eh_frame      0x000000000011bdb8       0x20 binaries/xdone.o
                                         0x38 (size before relaxing)
 .eh_frame      0x000000000011bdd8       0x20 binaries/yield.o
                                         0x38 (size before relaxing)
 .eh_frame      0x000000000011bdf8       0x20 binaries/abs.o
                                         0x38 (size before relaxing)
 .eh_frame      0x000000000011be18       0x20 binaries/atoi.o
                                         0x38 (size before relaxing)
 .eh_frame      0x000000000011be38       0x20 binaries/atol.o
                                         0x38 (size before relaxing)
 .eh_frame      0x000000000011be58       0x20 binaries/bzero.o
                                         0x38 (size before relaxing)
 .eh_frame      0x000000000011be78       0xe0 binaries/doprnt.o
                                         0xf8 (size before relaxing)
 .eh_frame      0x000000000011bf58       0xb0 binaries/doscan.o
                                         0xc8 (size before relaxing)
 .eh_frame      0x000000000011c008       0xc0 binaries/fdoprnt.o
                                         0xd8 (size before relaxing)
 .eh_frame      0x000000000011c0c8       0x20 binaries/fgetc.o
                                         0x38 (size before relaxing)
 .eh_frame      0x000000000011c0e8       0x20 binaries/fgets.o
                                         0x38 (size before relaxing)
 .eh_frame      0x000000000011c108       0x20 binaries/fprintf.o
                                         0x38 (size before relaxing)
 .eh_frame      0x000000000011c128       0x20 binaries/fputc.o
                                         0x38 (size before relaxing)
 .eh_frame      0x000000000011c148       0x20 binaries/fputs.o
                                         0x38 (size before relaxing)
 .eh_frame      0x000000000011c168       0x60 binaries/fscanf.o
                                         0x78 (size before relaxing)
 .eh_frame      0x000000000011c1c8       0x20 binaries/getchar.o
                                         0x38 (size before relaxing)
 .eh_frame      0x000000000011c1e8       0x20 binaries/labs.o
                                         0x38 (size before relaxing)
 .eh_frame      0x000000000011c208       0x20 binaries/memcmp.o
                                         0x38 (size before relaxing)
 .eh_frame      0x000000000011c228       0x24 binaries/memcpy.o
                                         0x3c (size before relaxing)
 .eh_frame      0x000000000011c24c       0x24 binaries/memset.o
                                         0x3c (size before relaxing)
 .eh_frame      0x000000000011c270       0x20 binaries/printf.o
                                         0x38 (size before relaxing)
 .eh_frame      0x000000000011c290       0x20 binaries/putchar.o
                                         0x38 (size before relaxing)
 .eh_frame      0x000000000011c2b0       0xa8 binaries/qsort.o
                                         0xc0 (size before relaxing)
 .eh_frame      0x000000000011c358       0x60 binaries/rand.o
                                         0x78 (size before relaxing)
 .eh_frame      0x000000000011c3b8       0x40 binaries/sprintf.o
                                         0x58 (size before relaxing)
 .eh_frame      0x000000000011c3f8       0x60 binaries/sscanf.o
                                         0x78 (size before relaxing)
 .eh_frame      0x000000000011c458       0x20 binaries/strchr.o
                                         0x38 (size before relaxing)
 .eh_frame      0x000000000011c478       0x20 binaries/strcmp.o
                                         0x38 (size before relaxing)
 .eh_frame      0x000000000011c498       0x20 binaries/strcpy.o
                                         0x38 (size before relaxing)
 .eh_frame      0x000000000011c4b8       0x20 binaries/strlen.o
                                         0x38 (size before relaxing)
 .eh_frame      0x000000000011c4d8       0x20 binaries/strncat.o
                                         0x38 (size before relaxing)
 .eh_frame      0x000000000011c4f8       0x20 binaries/strncmp.o
                                         0x38 (size before relaxing)
 .eh_frame      0x000000000011c518       0x28 binaries/strncpy.o
                                         0x40 (size before relaxing)
 .eh_frame      0x000000000011c540       0x20 binaries/strnlen.o
                                         0x38 (size before relaxing)
 .eh_frame      0x000000000011c560       0x20 binaries/strrchr.o
                                         0x38 (size before relaxing)
 .eh_frame      0x000000000011c580       0x20 binaries/strstr.o
                                         0x38 (size before relaxing)
 .eh_frame      0x000000000011c5a0       0x20 binaries/ttycontrol.o
                                         0x38 (size before relaxing)
 .eh_frame      0x000000000011c5c0       0x20 binaries/ttygetc.o
                                         0x38 (size before relaxing)
 .eh_frame      0x000000000011c5e0       0x80 binaries/ttyhandle_in.o
                                         0x98 (size before relaxing)
 .eh_frame      0x000000000011c660       0x20 binaries/ttyhandle_out.o
                                         0x38 (size before relaxing)
 .eh_frame      0x000000000011c680       0x20 binaries/ttyhandler.o
                                         0x38 (size before relaxing)
 .eh_frame      0x000000000011c6a0       0x20 binaries/ttyinit.o
                                         0x38 (size before relaxing)
 .eh_frame      0x000000000011c6c0       0x20 binaries/ttykickout.o
                                         0x38 (size before relaxing)
 .eh_frame      0x000000000011c6e0       0x20 binaries/ttyputc.o
                                         0x38 (size before relaxing)
 .eh_frame      0x000000000011c700       0x24 binaries/ttyread.o
                                         0x3c (size before relaxing)
 .eh_frame      0x000000000011c724       0x20 binaries/ttywrite.o
                                         0x38 (size before relaxing)
 .eh_frame      0x000000000011c744       0x40 binaries/mount.o
                                         0x58 (size before relaxing)
 .eh_frame      0x000000000011c784       0x20 binaries/naminit.o
                                         0x38 (size before relaxing)
 .eh_frame      0x000000000011c7a4       0x60 binaries/nammap.o
                                         0x78 (size before relaxing)
 .eh_frame      0x000000000011c804       0x20 binaries/namopen.o
                                         0x38 (size before relaxing)
 .eh_frame      0x000000000011c824      0x150 binaries/82545EMInit.o
                                        0x168 (size before relaxing)
 .eh_frame      0x000000000011c974       0xa0 binaries/ethcontrol.o
                                         0xb8 (size before relaxing)
 .eh_frame      0x000000000011ca14       0x80 binaries/ethhandler.o
                                         0x98 (size before relaxing)
 .eh_frame      0x000000000011ca94       0x20 binaries/ethinit.o
                                         0x38 (size before relaxing)
 .eh_frame      0x000000000011cab4       0x60 binaries/ethread.o
                                         0x78 (size before relaxing)
 .eh_frame      0x000000000011cb14       0x60 binaries/ethwrite.o
                                         0x78 (size before relaxing)
 .eh_frame      0x000000000011cb74       0x20 binaries/rdsbufalloc.o
                                         0x38 (size before relaxing)
 .eh_frame      0x000000000011cb94       0x20 binaries/rdsclose.o
                                         0x38 (size before relaxing)
 .eh_frame      0x000000000011cbb4       0x20 binaries/rdscomm.o
                                         0x38 (size before relaxing)
 .eh_frame      0x000000000011cbd4       0x20 binaries/rdscontrol.o
                                         0x38 (size before relaxing)
 .eh_frame      0x000000000011cbf4       0x20 binaries/rdsinit.o
                                         0x38 (size before relaxing)
 .eh_frame      0x000000000011cc14       0x20 binaries/rdsopen.o
                                         0x38 (size before relaxing)
 .eh_frame      0x000000000011cc34       0x1c binaries/rdsprocess.o
                                         0x34 (size before relaxing)
 .eh_frame      0x000000000011cc50       0x20 binaries/rdsread.o
                                         0x38 (size before relaxing)
 .eh_frame      0x000000000011cc70       0x20 binaries/rdswrite.o
                                         0x38 (size before relaxing)
 .eh_frame      0x000000000011cc90       0x20 binaries/ramclose.o
                                         0x38 (size before relaxing)
 .eh_frame      0x000000000011ccb0       0x20 binaries/raminit.o
                                         0x38 (size before relaxing)
 .eh_frame      0x000000000011ccd0       0x20 binaries/ramopen.o
                                         0x38 (size before relaxing)
 .eh_frame      0x000000000011ccf0       0x20 binaries/ramread.o
                                         0x38 (size before relaxing)
 .eh_frame      0x000000000011cd10       0x20 binaries/ramwrite.o
                                         0x38 (size before relaxing)
 .eh_frame      0x000000000011cd30       0x20 binaries/lfdballoc.o
                                         0x38 (size before relaxing)
 .eh_frame      0x000000000011cd50       0x20 binaries/lfdbfree.o
                                         0x38 (size before relaxing)
 .eh_frame      0x000000000011cd70       0x20 binaries/lfflush.o
                                         0x38 (size before relaxing)
 .eh_frame      0x000000000011cd90       0x20 binaries/lfgetmode.o
                                         0x38 (size before relaxing)
 .eh_frame      0x000000000011cdb0       0x20 binaries/lfiballoc.o
                                         0x38 (size before relaxing)
 .eh_frame      0x000000000011cdd0       0x20 binaries/lfibclear.o
                                         0x38 (size before relaxing)
 .eh_frame      0x000000000011cdf0       0x20 binaries/lfibget.o
                                         0x38 (size before relaxing)
 .eh_frame      0x000000000011ce10       0x20 binaries/lfibput.o
                                         0x38 (size before relaxing)
 .eh_frame      0x000000000011ce30       0x20 binaries/lflclose.o
                                         0x38 (size before relaxing)
 .eh_frame      0x000000000011ce50       0x20 binaries/lflcontrol.o
                                         0x38 (size before relaxing)
 .eh_frame      0x000000000011ce70       0x20 binaries/lflgetc.o
                                         0x38 (size before relaxing)
 .eh_frame      0x000000000011ce90       0x20 binaries/lflinit.o
                                         0x38 (size before relaxing)
 .eh_frame      0x000000000011ceb0       0x20 binaries/lflputc.o
                                         0x38 (size before relaxing)
 .eh_frame      0x000000000011ced0       0x20 binaries/lflread.o
                                         0x38 (size before relaxing)
 .eh_frame      0x000000000011cef0       0x20 binaries/lflseek.o
                                         0x38 (size before relaxing)
 .eh_frame      0x000000000011cf10       0x20 binaries/lflwrite.o
                                         0x38 (size before relaxing)
 .eh_frame      0x000000000011cf30       0x20 binaries/lfscheck.o
                                         0x38 (size before relaxing)
 .eh_frame      0x000000000011cf50       0x20 binaries/lfsckfmt.o
                                         0x38 (size before relaxing)
 .eh_frame      0x000000000011cf70       0x20 binaries/lfscreate.o
                                         0x38 (size before relaxing)
 .eh_frame      0x000000000011cf90       0x20 binaries/lfsetup.o
                                         0x38 (size before relaxing)
 .eh_frame      0x000000000011cfb0       0x20 binaries/lfsinit.o
                                         0x38 (size before relaxing)
 .eh_frame      0x000000000011cfd0       0x20 binaries/lfsopen.o
                                         0x38 (size before relaxing)
 .eh_frame      0x000000000011cff0       0x20 binaries/lftruncate.o
                                         0x38 (size before relaxing)
 .eh_frame      0x000000000011d010       0x20 binaries/rflclose.o
                                         0x38 (size before relaxing)
 .eh_frame      0x000000000011d030       0x20 binaries/rflgetc.o
                                         0x38 (size before relaxing)
 .eh_frame      0x000000000011d050       0x20 binaries/rflinit.o
                                         0x38 (size before relaxing)
 .eh_frame      0x000000000011d070       0x20 binaries/rflputc.o
                                         0x38 (size before relaxing)
 .eh_frame      0x000000000011d090       0x20 binaries/rflread.o
                                         0x38 (size before relaxing)
 .eh_frame      0x000000000011d0b0       0x20 binaries/rflseek.o
                                         0x38 (size before relaxing)
 .eh_frame      0x000000000011d0d0       0x20 binaries/rflwrite.o
                                         0x38 (size before relaxing)
 .eh_frame      0x000000000011d0f0       0x20 binaries/rfscomm.o
                                         0x38 (size before relaxing)
 .eh_frame      0x000000000011d110       0x20 binaries/rfscontrol.o
                                         0x38 (size before relaxing)
 .eh_frame      0x000000000011d130       0x20 binaries/rfsgetmode.o
                                         0x38 (size before relaxing)
 .eh_frame      0x000000000011d150       0x20 binaries/rfsinit.o
                                         0x38 (size before relaxing)
 .eh_frame      0x000000000011d170       0x20 binaries/rfsndmsg.o
                                         0x38 (size before relaxing)
 .eh_frame      0x000000000011d190       0x20 binaries/rfsopen.o
                                         0x38 (size before relaxing)
 .eh_frame      0x000000000011d1b0       0xc0 binaries/arp.o
                                         0xd8 (size before relaxing)
 .eh_frame      0x000000000011d270       0xa0 binaries/dhcp.o
                                         0xb8 (size before relaxing)
 .eh_frame      0x000000000011d310       0x80 binaries/dns.o
                                         0x98 (size before relaxing)
 .eh_frame      0x000000000011d390       0x20 binaries/dot2ip.o
                                         0x38 (size before relaxing)
 .eh_frame      0x000000000011d3b0       0x40 binaries/hexdump.o
                                         0x58 (size before relaxing)
 .eh_frame      0x000000000011d3f0      0x14c binaries/icmp.o
                                        0x164 (size before relaxing)
 .eh_frame      0x000000000011d53c      0x11c binaries/ip.o
                                        0x134 (size before relaxing)
 .eh_frame      0x000000000011d658       0xa0 binaries/net.o
                                         0xb8 (size before relaxing)
 .eh_frame      0x000000000011d6f8       0x60 binaries/pdump.o
                                         0x78 (size before relaxing)
 .eh_frame      0x000000000011d758       0x60 binaries/tftp.o
                                         0x78 (size before relaxing)
 .eh_frame      0x000000000011d7b8      0x140 binaries/udp.o
                                        0x158 (size before relaxing)
 .eh_frame      0x000000000011d8f8       0x20 binaries/addargs.o
                                         0x38 (size before relaxing)
 .eh_frame      0x000000000011d918       0x20 binaries/lexan.o
                                         0x38 (size before relaxing)
 .eh_frame      0x000000000011d938       0x20 binaries/shell.o
                                         0x38 (size before relaxing)
 .eh_frame      0x000000000011d958       0x20 binaries/xsh_argecho.o
                                         0x38 (size before relaxing)
 .eh_frame      0x000000000011d978       0x40 binaries/xsh_arp.o
                                         0x58 (size before relaxing)
 .eh_frame      0x000000000011d9b8       0x20 binaries/xsh_cat.o
                                         0x38 (size before relaxing)
 .eh_frame      0x000000000011d9d8       0x20 binaries/xsh_clear.o
                                         0x38 (size before relaxing)
 .eh_frame      0x000000000011d9f8       0x20 binaries/xsh_date.o
                                         0x38 (size before relaxing)
 .eh_frame      0x000000000011da18       0x20 binaries/xsh_devdump.o
                                         0x38 (size before relaxing)
 .eh_frame      0x000000000011da38       0x20 binaries/xsh_echo.o
                                         0x38 (size before relaxing)
 .eh_frame      0x000000000011da58       0x20 binaries/xsh_exit.o
                                         0x38 (size before relaxing)
 .eh_frame      0x000000000011da78       0x20 binaries/xsh_help.o
                                         0x38 (size before relaxing)
 .eh_frame      0x000000000011da98       0x20 binaries/xsh_kill.o
                                         0x38 (size before relaxing)
 .eh_frame      0x000000000011dab8       0x40 binaries/xsh_memdump.o
                                         0x58 (size before relaxing)
 .eh_frame      0x000000000011daf8       0x60 binaries/xsh_memstat.o
                                         0x78 (size before relaxing)
 .eh_frame      0x000000000011db58       0x30 binaries/xsh_netinfo.o
                                         0x48 (size before relaxing)
 .eh_frame      0x000000000011db88       0x24 binaries/xsh_ping.o
                                         0x3c (size before relaxing)
 .eh_frame      0x000000000011dbac       0x30 binaries/xsh_ps.o
                                         0x48 (size before relaxing)
 .eh_frame      0x000000000011dbdc       0x20 binaries/xsh_sleep.o
                                         0x38 (size before relaxing)
 .eh_frame      0x000000000011dbfc       0x20 binaries/xsh_udpdump.o
                                         0x38 (size before relaxing)
 .eh_frame      0x000000000011dc1c       0x30 binaries/xsh_udpecho.o
                                         0x48 (size before relaxing)
 .eh_frame      0x000000000011dc4c       0x24 binaries/xsh_udpserver.o
                                         0x3c (size before relaxing)
 .eh_frame      0x000000000011dc70       0x20 binaries/xsh_uptime.o
                                         0x38 (size before relaxing)

.iplt           0x000000000011dc90        0x0
 .iplt          0x000000000011dc90        0x0 binaries/start.o

.rel.dyn        0x000000000011dc90        0x0
 .rel.iplt      0x000000000011dc90        0x0 binaries/start.o
 .rel.text      0x000000000011dc90        0x0 binaries/start.o
 .rel.data      0x000000000011dc90        0x0 binaries/start.o
 .rel.rodata    0x000000000011dc90        0x0 binaries/start.o

.data           0x000000000011dca0     0x1360
                0x000000000011dca0                data = ABSOLUTE (.)
 *(.data .data.*)
 .data          0x000000000011dca0      0x460 binaries/start.o
                0x000000000011dca0                gdt
                0x000000000011dce0                gdtr
                0x000000000011dce6                idt
                0x000000000011e0e6                idtr
                0x000000000011e0ec                cpudelay
                0x000000000011e0f0                _bootdev
                0x000000000011e0f4                _cyloffset
 .data          0x000000000011e100       0x88 binaries/ascdate.o
                0x000000000011e100                Date
 .data          0x000000000011e188        0x0 binaries/bufinit.o
 .data          0x000000000011e188        0x0 binaries/chprio.o
 .data          0x000000000011e188        0x4 binaries/clkhandler.o
 .data          0x000000000011e18c        0x0 binaries/clkinit.o
 .data          0x000000000011e18c        0x0 binaries/close.o
 *fill*         0x000000000011e18c       0x14 
 .data          0x000000000011e1a0      0x5a0 binaries/conf.o
                0x000000000011e1a0                devtab
 .data          0x000000000011e740        0x0 binaries/control.o
 .data          0x000000000011e740        0x4 binaries/create.o
 .data          0x000000000011e744        0x4 binaries/create_user_proc.o
 *fill*         0x000000000011e748       0x18 
 .data          0x000000000011e760       0x40 binaries/evec.o
                0x000000000011e760                inames
 .data          0x000000000011e7a0        0x0 binaries/exit.o
 .data          0x000000000011e7a0        0x0 binaries/freebuf.o
 .data          0x000000000011e7a0        0x0 binaries/freemem.o
 .data          0x000000000011e7a0        0x0 binaries/getbuf.o
 .data          0x000000000011e7a0        0x0 binaries/getc.o
 .data          0x000000000011e7a0        0x0 binaries/getdev.o
 .data          0x000000000011e7a0        0x0 binaries/getitem.o
 .data          0x000000000011e7a0        0x0 binaries/getmem.o
 .data          0x000000000011e7a0        0x0 binaries/getpid.o
 .data          0x000000000011e7a0        0x0 binaries/getprio.o
 .data          0x000000000011e7a0        0x0 binaries/getstk.o
 .data          0x000000000011e7a0        0x0 binaries/getticks.o
 .data          0x000000000011e7a0        0x0 binaries/gettime.o
 .data          0x000000000011e7a0        0x0 binaries/getutime.o
 .data          0x000000000011e7a0       0x40 binaries/i386.o
                0x000000000011e7a0                gdt_copy
 .data          0x000000000011e7e0        0x0 binaries/init.o
 .data          0x000000000011e7e0        0x0 binaries/initialize.o
 .data          0x000000000011e7e0        0x0 binaries/insert.o
 .data          0x000000000011e7e0        0x0 binaries/insertd.o
 .data          0x000000000011e7e0        0x0 binaries/ioerr.o
 .data          0x000000000011e7e0        0x0 binaries/ionull.o
 .data          0x000000000011e7e0        0x0 binaries/kill.o
 .data          0x000000000011e7e0        0x0 binaries/kprintf.o
 .data          0x000000000011e7e0        0x0 binaries/main.o
 .data          0x000000000011e7e0        0x0 binaries/mark.o
 .data          0x000000000011e7e0        0x0 binaries/meminit.o
 .data          0x000000000011e7e0        0x0 binaries/mkbufpool.o
 .data          0x000000000011e7e0        0x2 binaries/newqueue.o
 .data          0x000000000011e7e2        0x0 binaries/open.o
 .data          0x000000000011e7e2        0x0 binaries/panic.o
 *fill*         0x000000000011e7e2        0x2 
 .data          0x000000000011e7e4       0x10 binaries/pci.o
 .data          0x000000000011e7f4        0x0 binaries/ptclear.o
 .data          0x000000000011e7f4        0x0 binaries/ptcount.o
 .data          0x000000000011e7f4        0x0 binaries/ptcreate.o
 .data          0x000000000011e7f4        0x0 binaries/ptdelete.o
 .data          0x000000000011e7f4        0x0 binaries/ptinit.o
 .data          0x000000000011e7f4        0x0 binaries/ptrecv.o
 .data          0x000000000011e7f4        0x0 binaries/ptreset.o
 .data          0x000000000011e7f4        0x0 binaries/ptsend.o
 .data          0x000000000011e7f4        0x0 binaries/putc.o
 .data          0x000000000011e7f4        0x0 binaries/queue.o
 .data          0x000000000011e7f4        0x0 binaries/read.o
[...]
 .comment       0x000000000000001d       0x1e binaries/dns.o
 .comment       0x000000000000001d       0x1e binaries/dot2ip.o
 .comment       0x000000000000001d       0x1e binaries/hexdump.o
 .comment       0x000000000000001d       0x1e binaries/icmp.o
 .comment       0x000000000000001d       0x1e binaries/ip.o
 .comment       0x000000000000001d       0x1e binaries/net.o
 .comment       0x000000000000001d       0x1e binaries/pdump.o
 .comment       0x000000000000001d       0x1e binaries/tftp.o
 .comment       0x000000000000001d       0x1e binaries/udp.o
 .comment       0x000000000000001d       0x1e binaries/addargs.o
 .comment       0x000000000000001d       0x1e binaries/lexan.o
 .comment       0x000000000000001d       0x1e binaries/shell.o
 .comment       0x000000000000001d       0x1e binaries/xsh_argecho.o
 .comment       0x000000000000001d       0x1e binaries/xsh_arp.o
 .comment       0x000000000000001d       0x1e binaries/xsh_cat.o
 .comment       0x000000000000001d       0x1e binaries/xsh_clear.o
 .comment       0x000000000000001d       0x1e binaries/xsh_date.o
 .comment       0x000000000000001d       0x1e binaries/xsh_devdump.o
 .comment       0x000000000000001d       0x1e binaries/xsh_echo.o
 .comment       0x000000000000001d       0x1e binaries/xsh_exit.o
 .comment       0x000000000000001d       0x1e binaries/xsh_help.o
 .comment       0x000000000000001d       0x1e binaries/xsh_kill.o
 .comment       0x000000000000001d       0x1e binaries/xsh_memdump.o
 .comment       0x000000000000001d       0x1e binaries/xsh_memstat.o
 .comment       0x000000000000001d       0x1e binaries/xsh_netinfo.o
 .comment       0x000000000000001d       0x1e binaries/xsh_ping.o
 .comment       0x000000000000001d       0x1e binaries/xsh_ps.o
 .comment       0x000000000000001d       0x1e binaries/xsh_sleep.o
 .comment       0x000000000000001d       0x1e binaries/xsh_udpdump.o
 .comment       0x000000000000001d       0x1e binaries/xsh_udpecho.o
 .comment       0x000000000000001d       0x1e binaries/xsh_udpserver.o
 .comment       0x000000000000001d       0x1e binaries/xsh_uptime.o

.note.GNU-stack
                0x0000000000000000        0x0
 .note.GNU-stack
                0x0000000000000000        0x0 binaries/ascdate.o
 .note.GNU-stack
                0x0000000000000000        0x0 binaries/bufinit.o
 .note.GNU-stack
                0x0000000000000000        0x0 binaries/chprio.o
 .note.GNU-stack
                0x0000000000000000        0x0 binaries/clkhandler.o
 .note.GNU-stack
                0x0000000000000000        0x0 binaries/clkinit.o
 .note.GNU-stack
                0x0000000000000000        0x0 binaries/close.o
 .note.GNU-stack
                0x0000000000000000        0x0 binaries/conf.o
 .note.GNU-stack
                0x0000000000000000        0x0 binaries/control.o
 .note.GNU-stack
                0x0000000000000000        0x0 binaries/create.o
 .note.GNU-stack
                0x0000000000000000        0x0 binaries/create_user_proc.o
 .note.GNU-stack
                0x0000000000000000        0x0 binaries/evec.o
 .note.GNU-stack
                0x0000000000000000        0x0 binaries/exit.o
 .note.GNU-stack
                0x0000000000000000        0x0 binaries/freebuf.o
 .note.GNU-stack
                0x0000000000000000        0x0 binaries/freemem.o
 .note.GNU-stack
                0x0000000000000000        0x0 binaries/getbuf.o
 .note.GNU-stack
                0x0000000000000000        0x0 binaries/getc.o
 .note.GNU-stack
                0x0000000000000000        0x0 binaries/getdev.o
 .note.GNU-stack
                0x0000000000000000        0x0 binaries/getitem.o
 .note.GNU-stack
                0x0000000000000000        0x0 binaries/getmem.o
 .note.GNU-stack
                0x0000000000000000        0x0 binaries/getpid.o
 .note.GNU-stack
                0x0000000000000000        0x0 binaries/getprio.o
 .note.GNU-stack
                0x0000000000000000        0x0 binaries/getstk.o
 .note.GNU-stack
                0x0000000000000000        0x0 binaries/getticks.o
 .note.GNU-stack
                0x0000000000000000        0x0 binaries/gettime.o
 .note.GNU-stack
                0x0000000000000000        0x0 binaries/getutime.o
 .note.GNU-stack
                0x0000000000000000        0x0 binaries/i386.o
 .note.GNU-stack
                0x0000000000000000        0x0 binaries/init.o
 .note.GNU-stack
                0x0000000000000000        0x0 binaries/initialize.o
 .note.GNU-stack
                0x0000000000000000        0x0 binaries/insert.o
 .note.GNU-stack
                0x0000000000000000        0x0 binaries/insertd.o
 .note.GNU-stack
                0x0000000000000000        0x0 binaries/ioerr.o
 .note.GNU-stack
                0x0000000000000000        0x0 binaries/ionull.o
 .note.GNU-stack
                0x0000000000000000        0x0 binaries/kill.o
 .note.GNU-stack
                0x0000000000000000        0x0 binaries/kprintf.o
 .note.GNU-stack
                0x0000000000000000        0x0 binaries/main.o
 .note.GNU-stack
                0x0000000000000000        0x0 binaries/mark.o
 .note.GNU-stack
                0x0000000000000000        0x0 binaries/meminit.o
 .note.GNU-stack
                0x0000000000000000        0x0 binaries/mkbufpool.o
 .note.GNU-stack
                0x0000000000000000        0x0 binaries/newqueue.o
 .note.GNU-stack
                0x0000000000000000        0x0 binaries/open.o
 .note.GNU-stack
                0x0000000000000000        0x0 binaries/panic.o
 .note.GNU-stack
                0x0000000000000000        0x0 binaries/pci.o
 .note.GNU-stack
                0x0000000000000000        0x0 binaries/ptclear.o
 .note.GNU-stack
                0x0000000000000000        0x0 binaries/ptcount.o
 .note.GNU-stack
                0x0000000000000000        0x0 binaries/ptcreate.o
 .note.GNU-stack
                0x0000000000000000        0x0 binaries/ptdelete.o
 .note.GNU-stack
                0x0000000000000000        0x0 binaries/ptinit.o
 .note.GNU-stack
                0x0000000000000000        0x0 binaries/ptrecv.o
 .note.GNU-stack
                0x0000000000000000        0x0 binaries/ptreset.o
 .note.GNU-stack
                0x0000000000000000        0x0 binaries/ptsend.o
 .note.GNU-stack
                0x0000000000000000        0x0 binaries/putc.o
 .note.GNU-stack
                0x0000000000000000        0x0 binaries/queue.o
 .note.GNU-stack
                0x0000000000000000        0x0 binaries/read.o
 .note.GNU-stack
                0x0000000000000000        0x0 binaries/ready.o
 .note.GNU-stack
                0x0000000000000000        0x0 binaries/receive.o
 .note.GNU-stack
                0x0000000000000000        0x0 binaries/recvclr.o
 .note.GNU-stack
                0x0000000000000000        0x0 binaries/recvtime.o
 .note.GNU-stack
                0x0000000000000000        0x0 binaries/resched.o
 .note.GNU-stack
                0x0000000000000000        0x0 binaries/resume.o
 .note.GNU-stack
                0x0000000000000000        0x0 binaries/seek.o
 .note.GNU-stack
                0x0000000000000000        0x0 binaries/semcount.o
 .note.GNU-stack
                0x0000000000000000        0x0 binaries/semcreate.o
 .note.GNU-stack
                0x0000000000000000        0x0 binaries/semdelete.o
 .note.GNU-stack
                0x0000000000000000        0x0 binaries/semreset.o
 .note.GNU-stack
                0x0000000000000000        0x0 binaries/send.o
 .note.GNU-stack
                0x0000000000000000        0x0 binaries/signal.o
 .note.GNU-stack
                0x0000000000000000        0x0 binaries/signaln.o
 .note.GNU-stack
                0x0000000000000000        0x0 binaries/sleep.o
 .note.GNU-stack
                0x0000000000000000        0x0 binaries/stacktrace.o
 .note.GNU-stack
                0x0000000000000000        0x0 binaries/suspend.o
 .note.GNU-stack
                0x0000000000000000        0x0 binaries/unsleep.o
 .note.GNU-stack
                0x0000000000000000        0x0 binaries/userret.o
 .note.GNU-stack
                0x0000000000000000        0x0 binaries/wait.o
 .note.GNU-stack
                0x0000000000000000        0x0 binaries/wakeup.o
 .note.GNU-stack
                0x0000000000000000        0x0 binaries/write.o
 .note.GNU-stack
                0x0000000000000000        0x0 binaries/xdone.o
 .note.GNU-stack
                0x0000000000000000        0x0 binaries/yield.o
 .note.GNU-stack
                0x0000000000000000        0x0 binaries/abs.o
 .note.GNU-stack
                0x0000000000000000        0x0 binaries/atoi.o
 .note.GNU-stack
                0x0000000000000000        0x0 binaries/atol.o
 .note.GNU-stack
                0x0000000000000000        0x0 binaries/bzero.o
 .note.GNU-stack
                0x0000000000000000        0x0 binaries/ctype_.o
 .note.GNU-stack
                0x0000000000000000        0x0 binaries/doprnt.o
 .note.GNU-stack
                0x0000000000000000        0x0 binaries/doscan.o
 .note.GNU-stack
                0x0000000000000000        0x0 binaries/fdoprnt.o
 .note.GNU-stack
                0x0000000000000000        0x0 binaries/fgetc.o
 .note.GNU-stack
                0x0000000000000000        0x0 binaries/fgets.o
 .note.GNU-stack
                0x0000000000000000        0x0 binaries/fprintf.o
 .note.GNU-stack
                0x0000000000000000        0x0 binaries/fputc.o
 .note.GNU-stack
                0x0000000000000000        0x0 binaries/fputs.o
 .note.GNU-stack
                0x0000000000000000        0x0 binaries/fscanf.o
 .note.GNU-stack
                0x0000000000000000        0x0 binaries/getchar.o
 .note.GNU-stack
                0x0000000000000000        0x0 binaries/labs.o
 .note.GNU-stack
                0x0000000000000000        0x0 binaries/memchr.o
 .note.GNU-stack
                0x0000000000000000        0x0 binaries/memcmp.o
 .note.GNU-stack
                0x0000000000000000        0x0 binaries/memcpy.o
 .note.GNU-stack
                0x0000000000000000        0x0 binaries/memset.o
 .note.GNU-stack
                0x0000000000000000        0x0 binaries/printf.o
 .note.GNU-stack
                0x0000000000000000        0x0 binaries/putchar.o
 .note.GNU-stack
                0x0000000000000000        0x0 binaries/qsort.o
 .note.GNU-stack
                0x0000000000000000        0x0 binaries/rand.o
 .note.GNU-stack
                0x0000000000000000        0x0 binaries/sprintf.o
 .note.GNU-stack
                0x0000000000000000        0x0 binaries/sscanf.o
 .note.GNU-stack
                0x0000000000000000        0x0 binaries/strchr.o
 .note.GNU-stack
                0x0000000000000000        0x0 binaries/strcmp.o
 .note.GNU-stack
                0x0000000000000000        0x0 binaries/strcpy.o
 .note.GNU-stack
                0x0000000000000000        0x0 binaries/strlen.o
 .note.GNU-stack
                0x0000000000000000        0x0 binaries/strncat.o
 .note.GNU-stack
                0x0000000000000000        0x0 binaries/strncmp.o
 .note.GNU-stack
                0x0000000000000000        0x0 binaries/strncpy.o
 .note.GNU-stack
                0x0000000000000000        0x0 binaries/strnlen.o
 .note.GNU-stack
                0x0000000000000000        0x0 binaries/strrchr.o
 .note.GNU-stack
                0x0000000000000000        0x0 binaries/strstr.o
 .note.GNU-stack
                0x0000000000000000        0x0 binaries/ttycontrol.o
 .note.GNU-stack
                0x0000000000000000        0x0 binaries/ttygetc.o
 .note.GNU-stack
                0x0000000000000000        0x0 binaries/ttyhandle_in.o
 .note.GNU-stack
                0x0000000000000000        0x0 binaries/ttyhandle_out.o
 .note.GNU-stack
                0x0000000000000000        0x0 binaries/ttyhandler.o
 .note.GNU-stack
                0x0000000000000000        0x0 binaries/ttyinit.o
 .note.GNU-stack
                0x0000000000000000        0x0 binaries/ttykickout.o
 .note.GNU-stack
                0x0000000000000000        0x0 binaries/ttyputc.o
 .note.GNU-stack
                0x0000000000000000        0x0 binaries/ttyread.o
 .note.GNU-stack
                0x0000000000000000        0x0 binaries/ttywrite.o
 .note.GNU-stack
                0x0000000000000000        0x0 binaries/mount.o
 .note.GNU-stack
                0x0000000000000000        0x0 binaries/naminit.o
 .note.GNU-stack
                0x0000000000000000        0x0 binaries/nammap.o
 .note.GNU-stack
                0x0000000000000000        0x0 binaries/namopen.o
 .note.GNU-stack
                0x0000000000000000        0x0 binaries/82545EMInit.o
 .note.GNU-stack
                0x0000000000000000        0x0 binaries/ethcontrol.o
 .note.GNU-stack
                0x0000000000000000        0x0 binaries/ethhandler.o
 .note.GNU-stack
                0x0000000000000000        0x0 binaries/ethinit.o
 .note.GNU-stack
                0x0000000000000000        0x0 binaries/ethread.o
 .note.GNU-stack
                0x0000000000000000        0x0 binaries/ethwrite.o
 .note.GNU-stack
                0x0000000000000000        0x0 binaries/rdsbufalloc.o
 .note.GNU-stack
                0x0000000000000000        0x0 binaries/rdsclose.o
 .note.GNU-stack
                0x0000000000000000        0x0 binaries/rdscomm.o
 .note.GNU-stack
                0x0000000000000000        0x0 binaries/rdscontrol.o
 .note.GNU-stack
                0x0000000000000000        0x0 binaries/rdsinit.o
 .note.GNU-stack
                0x0000000000000000        0x0 binaries/rdsopen.o
 .note.GNU-stack
                0x0000000000000000        0x0 binaries/rdsprocess.o
 .note.GNU-stack
                0x0000000000000000        0x0 binaries/rdsread.o
 .note.GNU-stack
                0x0000000000000000        0x0 binaries/rdswrite.o
 .note.GNU-stack
                0x0000000000000000        0x0 binaries/ramclose.o
 .note.GNU-stack
                0x0000000000000000        0x0 binaries/raminit.o
 .note.GNU-stack
                0x0000000000000000        0x0 binaries/ramopen.o
 .note.GNU-stack
                0x0000000000000000        0x0 binaries/ramread.o
 .note.GNU-stack
                0x0000000000000000        0x0 binaries/ramwrite.o
 .note.GNU-stack
                0x0000000000000000        0x0 binaries/lfdballoc.o
 .note.GNU-stack
                0x0000000000000000        0x0 binaries/lfdbfree.o
 .note.GNU-stack
                0x0000000000000000        0x0 binaries/lfflush.o
 .note.GNU-stack
                0x0000000000000000        0x0 binaries/lfgetmode.o
 .note.GNU-stack
                0x0000000000000000        0x0 binaries/lfiballoc.o
 .note.GNU-stack
                0x0000000000000000        0x0 binaries/lfibclear.o
 .note.GNU-stack
                0x0000000000000000        0x0 binaries/lfibget.o
 .note.GNU-stack
                0x0000000000000000        0x0 binaries/lfibput.o
 .note.GNU-stack
                0x0000000000000000        0x0 binaries/lflclose.o
 .note.GNU-stack
                0x0000000000000000        0x0 binaries/lflcontrol.o
 .note.GNU-stack
                0x0000000000000000        0x0 binaries/lflgetc.o
 .note.GNU-stack
                0x0000000000000000        0x0 binaries/lflinit.o
 .note.GNU-stack
                0x0000000000000000        0x0 binaries/lflputc.o
 .note.GNU-stack
                0x0000000000000000        0x0 binaries/lflread.o
 .note.GNU-stack
                0x0000000000000000        0x0 binaries/lflseek.o
 .note.GNU-stack
                0x0000000000000000        0x0 binaries/lflwrite.o
 .note.GNU-stack
                0x0000000000000000        0x0 binaries/lfscheck.o
 .note.GNU-stack
                0x0000000000000000        0x0 binaries/lfsckfmt.o
 .note.GNU-stack
                0x0000000000000000        0x0 binaries/lfscreate.o
 .note.GNU-stack
                0x0000000000000000        0x0 binaries/lfsetup.o
 .note.GNU-stack
                0x0000000000000000        0x0 binaries/lfsinit.o
 .note.GNU-stack
                0x0000000000000000        0x0 binaries/lfsopen.o
 .note.GNU-stack
                0x0000000000000000        0x0 binaries/lftruncate.o
 .note.GNU-stack
                0x0000000000000000        0x0 binaries/rflclose.o
 .note.GNU-stack
                0x0000000000000000        0x0 binaries/rflgetc.o
 .note.GNU-stack
                0x0000000000000000        0x0 binaries/rflinit.o
 .note.GNU-stack
                0x0000000000000000        0x0 binaries/rflputc.o
 .note.GNU-stack
                0x0000000000000000        0x0 binaries/rflread.o
 .note.GNU-stack
                0x0000000000000000        0x0 binaries/rflseek.o
 .note.GNU-stack
                0x0000000000000000        0x0 binaries/rflwrite.o
 .note.GNU-stack
                0x0000000000000000        0x0 binaries/rfscomm.o
 .note.GNU-stack
                0x0000000000000000        0x0 binaries/rfscontrol.o
 .note.GNU-stack
                0x0000000000000000        0x0 binaries/rfsgetmode.o
 .note.GNU-stack
                0x0000000000000000        0x0 binaries/rfsinit.o
 .note.GNU-stack
                0x0000000000000000        0x0 binaries/rfsndmsg.o
 .note.GNU-stack
                0x0000000000000000        0x0 binaries/rfsopen.o
 .note.GNU-stack
                0x0000000000000000        0x0 binaries/arp.o
 .note.GNU-stack
                0x0000000000000000        0x0 binaries/dhcp.o
 .note.GNU-stack
                0x0000000000000000        0x0 binaries/dns.o
 .note.GNU-stack
                0x0000000000000000        0x0 binaries/dot2ip.o
 .note.GNU-stack
                0x0000000000000000        0x0 binaries/hexdump.o
 .note.GNU-stack
                0x0000000000000000        0x0 binaries/icmp.o
 .note.GNU-stack
                0x0000000000000000        0x0 binaries/ip.o
 .note.GNU-stack
                0x0000000000000000        0x0 binaries/net.o
 .note.GNU-stack
                0x0000000000000000        0x0 binaries/pdump.o
 .note.GNU-stack
                0x0000000000000000        0x0 binaries/tftp.o
 .note.GNU-stack
                0x0000000000000000        0x0 binaries/udp.o
 .note.GNU-stack
                0x0000000000000000        0x0 binaries/addargs.o
 .note.GNU-stack
                0x0000000000000000        0x0 binaries/lexan.o
 .note.GNU-stack
                0x0000000000000000        0x0 binaries/shell.o
 .note.GNU-stack
                0x0000000000000000        0x0 binaries/xsh_argecho.o
 .note.GNU-stack
                0x0000000000000000        0x0 binaries/xsh_arp.o
 .note.GNU-stack
                0x0000000000000000        0x0 binaries/xsh_cat.o
 .note.GNU-stack
                0x0000000000000000        0x0 binaries/xsh_clear.o
 .note.GNU-stack
                0x0000000000000000        0x0 binaries/xsh_date.o
 .note.GNU-stack
                0x0000000000000000        0x0 binaries/xsh_devdump.o
 .note.GNU-stack
                0x0000000000000000        0x0 binaries/xsh_echo.o
 .note.GNU-stack
                0x0000000000000000        0x0 binaries/xsh_exit.o
 .note.GNU-stack
                0x0000000000000000        0x0 binaries/xsh_help.o
 .note.GNU-stack
                0x0000000000000000        0x0 binaries/xsh_kill.o
 .note.GNU-stack
                0x0000000000000000        0x0 binaries/xsh_memdump.o
 .note.GNU-stack
                0x0000000000000000        0x0 binaries/xsh_memstat.o
 .note.GNU-stack
                0x0000000000000000        0x0 binaries/xsh_netinfo.o
 .note.GNU-stack
                0x0000000000000000        0x0 binaries/xsh_ping.o
 .note.GNU-stack
                0x0000000000000000        0x0 binaries/xsh_ps.o
 .note.GNU-stack
                0x0000000000000000        0x0 binaries/xsh_sleep.o
 .note.GNU-stack
                0x0000000000000000        0x0 binaries/xsh_udpdump.o
 .note.GNU-stack
                0x0000000000000000        0x0 binaries/xsh_udpecho.o
 .note.GNU-stack
                0x0000000000000000        0x0 binaries/xsh_udpserver.o
 .note.GNU-stack
                0x0000000000000000        0x0 binaries/xsh_uptime.o
