
Allocating common symbols
Common symbol       size              file

netbufpool          0x4               binaries/net.o
readylist           0x2               binaries/ready.o
rfltab              0x5a0             binaries/rflinit.o
netportseed         0x8               binaries/net.o
sleepq              0x2               binaries/clkinit.o
nnames              0x4               binaries/naminit.o
udptab              0x168             binaries/udp.o
minheap             0x4               binaries/meminit.o
marks               0x50              binaries/mark.o
priolevel2          0x2               binaries/ready.o
currpid             0x4               binaries/initialize.o
Lf_data             0x20c             binaries/lfsinit.o
porttab             0x2d0             binaries/ptinit.o
girmask             0x2               binaries/evec.o
ttytab              0x110             binaries/ttyinit.o
proctab             0x1c20            binaries/initialize.o
prcount             0x4               binaries/initialize.o
lfltab              0xf00             binaries/lflinit.o
rdstab              0x8c              binaries/rdsinit.o
ethertab            0x130             binaries/ethinit.o
NetData             0xb0              binaries/net.o
nmarks              0x4               binaries/mark.o
time_period         0x4               binaries/clkinit.o
initsp              0x4               binaries/i386.o
Defer               0x8               binaries/resched.o
semtab              0x4b0             binaries/initialize.o
priolevel1          0x2               binaries/create_user_proc.o
maxheap             0x4               binaries/meminit.o
preempt             0x4               binaries/clkinit.o
buftab              0xf0              binaries/bufinit.o
Rf_data             0x18              binaries/rfsinit.o
mkmutex             0x4               binaries/mark.o
userprcount         0x4               binaries/initialize.o
clktime             0x4               binaries/clkinit.o
arpcache            0x140             binaries/arp.o
icmptab             0x230             binaries/icmp.o
nbpools             0x4               binaries/bufinit.o
queuetab            0x9b0             binaries/queue.o
priolevel3          0x2               binaries/ready.o
ptnextid            0x4               binaries/ptinit.o
Ram                 0x19000           binaries/raminit.o
ipoqueue            0x2c              binaries/ip.o
memlist             0x8               binaries/initialize.o
nametab             0x19a0            binaries/naminit.o
ptfree              0x4               binaries/ptinit.o

Memory Configuration

Name             Origin             Length             Attributes
*default*        0x0000000000000000 0xffffffffffffffff

Linker script and memory map

                0x0000000000100000                physbase = 0x100000
                0x0000000000100000                . = physbase
                0x0000000000100000                . = ALIGN (0x1000)

.text           0x0000000000100000    0x1b000
                0x0000000000100000                text = ABSOLUTE (.)
 *(.text .text.*)
 .text          0x0000000000100000      0x165 binaries/start.o
                0x0000000000100020                entry
                0x000000000010003d                start
                0x00000000001000a5                inb
                0x00000000001000ad                inw
                0x00000000001000b6                inl
                0x00000000001000be                outb
                0x00000000001000c8                outw
                0x00000000001000d3                outl
                0x00000000001000dd                _rtcin
                0x00000000001000e8                ___udivsi3
                0x00000000001000f3                ___divsi3
                0x00000000001000ff                sbzero
                0x000000000010010f                bcopy
                0x0000000000100123                insw
                0x0000000000100139                outsw
                0x000000000010014f                lidt
                0x0000000000100157                jumptocode
                0x000000000010015e                jumptobootcode
 .text          0x0000000000100165      0x3e3 binaries/ascdate.o
                0x0000000000100165                ascdate
 .text          0x0000000000100548       0x14 binaries/bufinit.o
                0x0000000000100548                bufinit
 .text          0x000000000010055c       0x8d binaries/chprio.o
                0x000000000010055c                chprio
 .text          0x00000000001005e9      0x21f binaries/clkhandler.o
                0x00000000001005e9                clkhandler
 .text          0x0000000000100808       0x88 binaries/clkinit.o
                0x0000000000100808                clkinit
 .text          0x0000000000100890       0x75 binaries/close.o
                0x0000000000100890                close
 .text          0x0000000000100905        0x0 binaries/conf.o
 .text          0x0000000000100905       0x7b binaries/control.o
                0x0000000000100905                control
 .text          0x0000000000100980      0x2cb binaries/create.o
                0x0000000000100980                create
 .text          0x0000000000100c4b      0x38d binaries/create_user_proc.o
                0x0000000000100c4b                create_user_proc
                0x0000000000100eb9                burst_execution
 .text          0x0000000000100fd8      0x357 binaries/evec.o
                0x0000000000100fd8                initevec
                0x000000000010102f                set_evec
                0x00000000001010d1                trap
 .text          0x000000000010132f       0x19 binaries/exit.o
                0x000000000010132f                exit
 .text          0x0000000000101348       0x8c binaries/freebuf.o
                0x0000000000101348                freebuf
 .text          0x00000000001013d4      0x172 binaries/freemem.o
                0x00000000001013d4                freemem
 .text          0x0000000000101546       0x8a binaries/getbuf.o
                0x0000000000101546                getbuf
 .text          0x00000000001015d0       0x75 binaries/getc.o
                0x00000000001015d0                getc
 .text          0x0000000000101645       0x74 binaries/getdev.o
                0x0000000000101645                getdev
 .text          0x00000000001016b9       0xd0 binaries/getitem.o
                0x00000000001016b9                getfirst
                0x00000000001016fe                getlast
                0x0000000000101745                getitem
 .text          0x0000000000101789      0x10a binaries/getmem.o
                0x0000000000101789                getmem
 .text          0x0000000000101893        0xa binaries/getpid.o
                0x0000000000101893                getpid
 .text          0x000000000010189d       0x75 binaries/getprio.o
                0x000000000010189d                getprio
 .text          0x0000000000101912       0xfb binaries/getstk.o
                0x0000000000101912                getstk
 .text          0x0000000000101a0d       0x16 binaries/getticks.o
                0x0000000000101a0d                getticks
 .text          0x0000000000101a23       0x3a binaries/gettime.o
                0x0000000000101a23                gettime
 .text          0x0000000000101a5d      0x1e2 binaries/getutime.o
                0x0000000000101a5d                getutime
 .text          0x0000000000101c3f      0x3c5 binaries/i386.o
                0x0000000000101c3f                setsegs
                0x0000000000101d51                init8259
                0x0000000000101e03                pseg
                0x0000000000101fab                setirmask
 .text          0x0000000000102004       0x75 binaries/init.o
                0x0000000000102004                init
 .text          0x0000000000102079      0x3f0 binaries/initialize.o
                0x0000000000102079                nulluser
                0x0000000000102410                stop
                0x000000000010243b                delay
 .text          0x0000000000102469       0xda binaries/insert.o
                0x0000000000102469                insert
 .text          0x0000000000102543      0x10c binaries/insertd.o
                0x0000000000102543                insertd
 .text          0x000000000010264f        0xa binaries/ioerr.o
                0x000000000010264f                ioerr
 .text          0x0000000000102659        0xa binaries/ionull.o
                0x0000000000102659                ionull
 .text          0x0000000000102663      0x1ee binaries/kill.o
                0x0000000000102663                kill
 .text          0x0000000000102851      0x14e binaries/kprintf.o
                0x0000000000102851                kputc
                0x00000000001028e4                kgetc
                0x0000000000102975                kprintf
 .text          0x000000000010299f       0xa4 binaries/main.o
                0x000000000010299f                main
 .text          0x0000000000102a43       0xb5 binaries/mark.o
                0x0000000000102a43                markinit
                0x0000000000102a67                mark
 .text          0x0000000000102af8       0xcc binaries/meminit.o
                0x0000000000102af8                meminit
 .text          0x0000000000102bc4      0x174 binaries/mkbufpool.o
                0x0000000000102bc4                mkbufpool
 .text          0x0000000000102d38       0x94 binaries/newqueue.o
                0x0000000000102d38                newqueue
 .text          0x0000000000102dcc       0x7b binaries/open.o
                0x0000000000102dcc                open
 .text          0x0000000000102e47       0x20 binaries/panic.o
                0x0000000000102e47                panic
 .text          0x0000000000102e67      0x489 binaries/pci.o
                0x0000000000102e67                pci_init
                0x0000000000103124                find_pci_device
                0x0000000000103172                pci_bios_read_config_byte
                0x00000000001031b1                pci_bios_read_config_word
                0x00000000001031f3                pci_bios_read_config_dword
                0x0000000000103232                pci_bios_write_config_byte
                0x0000000000103273                pci_bios_write_config_word
                0x00000000001032b5                pci_bios_write_config_dword
 .text          0x00000000001032f0       0xf1 binaries/ptclear.o
                0x00000000001032f0                _ptclear
 .text          0x00000000001033e1       0x9d binaries/ptcount.o
                0x00000000001033e1                ptcount
 .text          0x000000000010347e      0x116 binaries/ptcreate.o
                0x000000000010347e                ptcreate
 .text          0x0000000000103594       0x7f binaries/ptdelete.o
                0x0000000000103594                ptdelete
 .text          0x0000000000103613       0xbf binaries/ptinit.o
                0x0000000000103613                ptinit
 .text          0x00000000001036d2      0x11b binaries/ptrecv.o
                0x00000000001036d2                ptrecv
 .text          0x00000000001037ed       0x77 binaries/ptreset.o
                0x00000000001037ed                ptreset
 .text          0x0000000000103864      0x13d binaries/ptsend.o
                0x0000000000103864                ptsend
 .text          0x00000000001039a1       0x80 binaries/putc.o
                0x00000000001039a1                putc
 .text          0x0000000000103a21      0x10d binaries/queue.o
                0x0000000000103a21                enqueue
                0x0000000000103ac1                dequeue
 .text          0x0000000000103b2e       0x7b binaries/read.o
                0x0000000000103b2e                read
 .text          0x0000000000103ba9       0x9c binaries/ready.o
                0x0000000000103ba9                ready
 .text          0x0000000000103c45       0x60 binaries/receive.o
                0x0000000000103c45                receive
 .text          0x0000000000103ca5       0x5c binaries/recvclr.o
                0x0000000000103ca5                recvclr
 .text          0x0000000000103d01       0xbb binaries/recvtime.o
                0x0000000000103d01                recvtime
 .text          0x0000000000103dbc      0x2e9 binaries/resched.o
                0x0000000000103dbc                resched
                0x0000000000104030                resched_cntl
 .text          0x00000000001040a5       0xaa binaries/resume.o
                0x00000000001040a5                resume
 .text          0x000000000010414f       0x79 binaries/seek.o
                0x000000000010414f                seek
 .text          0x00000000001041c8       0x70 binaries/semcount.o
                0x00000000001041c8                semcount
 .text          0x0000000000104238       0xd6 binaries/semcreate.o
                0x0000000000104238                semcreate
 .text          0x000000000010430e       0xcd binaries/semdelete.o
                0x000000000010430e                semdelete
 .text          0x00000000001043db       0xcb binaries/semreset.o
                0x00000000001043db                semreset
 .text          0x00000000001044a6       0xe6 binaries/send.o
                0x00000000001044a6                send
 .text          0x000000000010458c       0xa8 binaries/signal.o
                0x000000000010458c                signal
 .text          0x0000000000104634       0xd6 binaries/signaln.o
                0x0000000000104634                signaln
 .text          0x000000000010470a       0xe2 binaries/sleep.o
                0x000000000010470a                sleep
                0x0000000000104758                sleepms
 .text          0x00000000001047ec      0x18b binaries/stacktrace.o
                0x00000000001047ec                stacktrace
 .text          0x0000000000104977       0xe0 binaries/suspend.o
                0x0000000000104977                suspend
 .text          0x0000000000104a57       0xe2 binaries/unsleep.o
                0x0000000000104a57                unsleep
 .text          0x0000000000104b39       0x19 binaries/userret.o
                0x0000000000104b39                userret
 .text          0x0000000000104b52       0xdb binaries/wait.o
                0x0000000000104b52                wait
 .text          0x0000000000104c2d       0x72 binaries/wakeup.o
                0x0000000000104c2d                wakeup
 .text          0x0000000000104c9f       0x7b binaries/write.o
                0x0000000000104c9f                write
 .text          0x0000000000104d1a       0x1d binaries/xdone.o
                0x0000000000104d1a                xdone
 .text          0x0000000000104d37       0x28 binaries/yield.o
                0x0000000000104d37                yield
 .text          0x0000000000104d5f       0x11 binaries/abs.o
                0x0000000000104d5f                abs
 .text          0x0000000000104d70       0x8f binaries/atoi.o
                0x0000000000104d70                atoi
 .text          0x0000000000104dff       0x8f binaries/atol.o
                0x0000000000104dff                atol
 .text          0x0000000000104e8e       0x31 binaries/bzero.o
                0x0000000000104e8e                bzero
 .text          0x0000000000104ebf        0x0 binaries/ctype_.o
 .text          0x0000000000104ebf      0x8ed binaries/doprnt.o
                0x0000000000104ebf                _doprnt
 .text          0x00000000001057ac      0x65c binaries/doscan.o
                0x00000000001057ac                _doscan
 .text          0x0000000000105e08      0x711 binaries/fdoprnt.o
                0x0000000000105e08                _fdoprnt
 .text          0x0000000000106519       0x29 binaries/fgetc.o
                0x0000000000106519                fgetc
 .text          0x0000000000106542       0x75 binaries/fgets.o
                0x0000000000106542                fgets
 .text          0x00000000001065b7       0x2a binaries/fprintf.o
                0x00000000001065b7                fprintf
 .text          0x00000000001065e1       0x2c binaries/fputc.o
                0x00000000001065e1                fputc
 .text          0x000000000010660d       0x43 binaries/fputs.o
                0x000000000010660d                fputs
 .text          0x0000000000106650       0x8a binaries/fscanf.o
                0x0000000000106650                fscanf
 .text          0x00000000001066da       0x31 binaries/getchar.o
                0x00000000001066da                getchar
 .text          0x000000000010670b       0x11 binaries/labs.o
                0x000000000010670b                labs
 .text          0x000000000010671c        0x0 binaries/memchr.o
 .text          0x000000000010671c       0x51 binaries/memcmp.o
                0x000000000010671c                memcmp
 .text          0x000000000010676d       0x3f binaries/memcpy.o
                0x000000000010676d                memcpy
 .text          0x00000000001067ac       0x30 binaries/memset.o
                0x00000000001067ac                memset
 .text          0x00000000001067dc       0x47 binaries/printf.o
                0x00000000001067dc                printf
 .text          0x0000000000106823       0x34 binaries/putchar.o
                0x0000000000106823                putchar
 .text          0x0000000000106857      0x27e binaries/qsort.o
                0x0000000000106857                qsort
 .text          0x0000000000106ad5       0x63 binaries/rand.o
                0x0000000000106ad5                rand
                0x0000000000106aed                rand_r
                0x0000000000106b2b                srand
 .text          0x0000000000106b38       0x66 binaries/sprintf.o
                0x0000000000106b38                sprintf
 .text          0x0000000000106b9e       0x70 binaries/sscanf.o
                0x0000000000106b9e                sscanf
 .text          0x0000000000106c0e       0x3c binaries/strchr.o
                0x0000000000106c0e                strchr
 .text          0x0000000000106c4a       0x45 binaries/strcmp.o
                0x0000000000106c4a                strcmp
 .text          0x0000000000106c8f       0x27 binaries/strcpy.o
                0x0000000000106c8f                strcpy
 .text          0x0000000000106cb6       0x26 binaries/strlen.o
                0x0000000000106cb6                strlen
 .text          0x0000000000106cdc       0x56 binaries/strncat.o
                0x0000000000106cdc                strncat
 .text          0x0000000000106d32       0x5f binaries/strncmp.o
                0x0000000000106d32                strncmp
 .text          0x0000000000106d91       0x4f binaries/strncpy.o
                0x0000000000106d91                strncpy
 .text          0x0000000000106de0       0x2e binaries/strnlen.o
                0x0000000000106de0                strnlen
 .text          0x0000000000106e0e       0x45 binaries/strrchr.o
                0x0000000000106e0e                strrchr
 .text          0x0000000000106e53       0x6d binaries/strstr.o
                0x0000000000106e53                strstr
 .text          0x0000000000106ec0       0xe4 binaries/ttycontrol.o
                0x0000000000106ec0                ttycontrol
 .text          0x0000000000106fa4       0x97 binaries/ttygetc.o
                0x0000000000106fa4                ttygetc
 .text          0x000000000010703b      0x6ee binaries/ttyhandle_in.o
                0x000000000010703b                ttyhandle_in
 .text          0x0000000000107729      0x1ae binaries/ttyhandle_out.o
                0x0000000000107729                ttyhandle_out
 .text          0x00000000001078d7       0xce binaries/ttyhandler.o
                0x00000000001078d7                ttyhandler
 .text          0x00000000001079a5      0x22f binaries/ttyinit.o
                0x00000000001079a5                ttyinit
 .text          0x0000000000107bd4       0x1b binaries/ttykickout.o
                0x0000000000107bd4                ttykickout
 .text          0x0000000000107bef       0xb7 binaries/ttyputc.o
                0x0000000000107bef                ttyputc
 .text          0x0000000000107ca6      0x11b binaries/ttyread.o
                0x0000000000107ca6                ttyread
 .text          0x0000000000107dc1       0x4f binaries/ttywrite.o
                0x0000000000107dc1                ttywrite
 .text          0x0000000000107e10      0x14b binaries/mount.o
                0x0000000000107e10                mount
                0x0000000000107f25                namlen
 .text          0x0000000000107f5b      0x1ea binaries/naminit.o
                0x0000000000107f5b                naminit
 .text          0x0000000000108145      0x211 binaries/nammap.o
                0x0000000000108145                nammap
                0x00000000001081d0                namrepl
                0x0000000000108306                namcpy
 .text          0x0000000000108356       0x4e binaries/namopen.o
                0x0000000000108356                namopen
 .text          0x00000000001083a4      0xec3 binaries/82545EMInit.o
                0x0000000000108402                _82545EMInit
                0x00000000001090d3                _82545EM_read_phy_reg
                0x0000000000109199                _82545EM_write_phy_reg
 .text          0x0000000000109267      0x241 binaries/ethcontrol.o
                0x00000000001092c5                ethcontrol
                0x000000000010943b                ethIrqDisable
                0x0000000000109470                ethIrqEnable
 .text          0x00000000001094a8      0x252 binaries/ethhandler.o
                0x0000000000109618                ethhandler
 .text          0x00000000001096fa      0x126 binaries/ethinit.o
                0x00000000001096fa                ethinit
 .text          0x0000000000109820      0x1f4 binaries/ethread.o
                0x000000000010987e                ethread
 .text          0x0000000000109a14      0x19f binaries/ethwrite.o
                0x0000000000109a72                ethwrite
 .text          0x0000000000109bb3       0x9e binaries/rdsbufalloc.o
                0x0000000000109bb3                rdsbufalloc
 .text          0x0000000000109c51       0xcc binaries/rdsclose.o
                0x0000000000109c51                rdsclose
 .text          0x0000000000109d1d      0x2e8 binaries/rdscomm.o
                0x0000000000109d1d                rdscomm
 .text          0x000000000010a005      0x233 binaries/rdscontrol.o
                0x000000000010a005                rdscontrol
 .text          0x000000000010a238      0x1f3 binaries/rdsinit.o
                0x000000000010a238                rdsinit
 .text          0x000000000010a42b      0x19b binaries/rdsopen.o
                0x000000000010a42b                rdsopen
 .text          0x000000000010a5c6      0x461 binaries/rdsprocess.o
                0x000000000010a5c6                rdsprocess
 .text          0x000000000010aa27      0x259 binaries/rdsread.o
                0x000000000010aa27                rdsread
 .text          0x000000000010ac80      0x1fe binaries/rdswrite.o
                0x000000000010ac80                rdswrite
 .text          0x000000000010ae7e        0xa binaries/ramclose.o
                0x000000000010ae7e                ramclose
 .text          0x000000000010ae88       0x3e binaries/raminit.o
                0x000000000010ae88                raminit
 .text          0x000000000010aec6        0xa binaries/ramopen.o
                0x000000000010aec6                ramopen
 .text          0x000000000010aed0       0x32 binaries/ramread.o
                0x000000000010aed0                ramread
 .text          0x000000000010af02       0x32 binaries/ramwrite.o
                0x000000000010af02                ramwrite
 .text          0x000000000010af34       0x98 binaries/lfdballoc.o
                0x000000000010af34                lfdballoc
 .text          0x000000000010afcc       0x58 binaries/lfdbfree.o
                0x000000000010afcc                lfdbfree
 .text          0x000000000010b024       0xb6 binaries/lfflush.o
                0x000000000010b024                lfflush
 .text          0x000000000010b0da       0xd8 binaries/lfgetmode.o
                0x000000000010b0da                lfgetmode
 .text          0x000000000010b1b2       0x68 binaries/lfiballoc.o
                0x000000000010b1b2                lfiballoc
 .text          0x000000000010b21a       0x3b binaries/lfibclear.o
                0x000000000010b21a                lfibclear
 .text          0x000000000010b255       0xad binaries/lfibget.o
                0x000000000010b255                lfibget
 .text          0x000000000010b302       0xdc binaries/lfibput.o
                0x000000000010b302                lfibput
 .text          0x000000000010b3de       0xa2 binaries/lflclose.o
                0x000000000010b3de                lflclose
 .text          0x000000000010b480       0xd0 binaries/lflcontrol.o
                0x000000000010b480                lflcontrol
 .text          0x000000000010b550       0xf2 binaries/lflgetc.o
                0x000000000010b550                lflgetc
 .text          0x000000000010b642       0xf1 binaries/lflinit.o
                0x000000000010b642                lflinit
 .text          0x000000000010b733      0x122 binaries/lflputc.o
                0x000000000010b733                lflputc
 .text          0x000000000010b855       0x70 binaries/lflread.o
                0x000000000010b855                lflread
 .text          0x000000000010b8c5       0xac binaries/lflseek.o
                0x000000000010b8c5                lflseek
 .text          0x000000000010b971       0x55 binaries/lflwrite.o
                0x000000000010b971                lflwrite
 .text          0x000000000010b9c6       0x62 binaries/lfscheck.o
                0x000000000010b9c6                lfscheck
 .text          0x000000000010ba28      0x175 binaries/lfsckfmt.o
                0x000000000010ba28                lfsckfmt
 .text          0x000000000010bb9d      0x1ad binaries/lfscreate.o
                0x000000000010bb9d                lfscreate
 .text          0x000000000010bd4a      0x278 binaries/lfsetup.o
                0x000000000010bd4a                lfsetup
 .text          0x000000000010bfc2       0x51 binaries/lfsinit.o
                0x000000000010bfc2                lfsinit
 .text          0x000000000010c013      0x3c0 binaries/lfsopen.o
                0x000000000010c013                lfsopen
 .text          0x000000000010c3d3      0x15e binaries/lftruncate.o
                0x000000000010c3d3                lftruncate
 .text          0x000000000010c531       0x71 binaries/rflclose.o
                0x000000000010c531                rflclose
 .text          0x000000000010c5a2       0x32 binaries/rflgetc.o
                0x000000000010c5a2                rflgetc
 .text          0x000000000010c5d4       0x76 binaries/rflinit.o
                0x000000000010c5d4                rflinit
 .text          0x000000000010c64a       0x33 binaries/rflputc.o
                0x000000000010c64a                rflputc
 .text          0x000000000010c67d      0x360 binaries/rflread.o
                0x000000000010c67d                rflread
 .text          0x000000000010c9dd       0x74 binaries/rflseek.o
                0x000000000010c9dd                rflseek
 .text          0x000000000010ca51      0x34d binaries/rflwrite.o
                0x000000000010ca51                rflwrite
 .text          0x000000000010cd9e      0x1e2 binaries/rfscomm.o
                0x000000000010cd9e                rfscomm
 .text          0x000000000010cf80      0x26d binaries/rfscontrol.o
                0x000000000010cf80                rfscontrol
 .text          0x000000000010d1ed       0xd8 binaries/rfsgetmode.o
                0x000000000010d1ed                rfsgetmode
 .text          0x000000000010d2c5       0x86 binaries/rfsinit.o
                0x000000000010d2c5                rfsinit
 .text          0x000000000010d34b      0x111 binaries/rfsndmsg.o
                0x000000000010d34b                rfsndmsg
 .text          0x000000000010d45c      0x2aa binaries/rfsopen.o
                0x000000000010d45c                rfsopen
 .text          0x000000000010d706      0x836 binaries/arp.o
                0x000000000010d706                arp_init
                0x000000000010d738                arp_resolve
                0x000000000010d9ec                arp_in
                0x000000000010dca4                arp_alloc
                0x000000000010dd64                arp_ntoh
                0x000000000010de50                arp_hton
 .text          0x000000000010df3c      0x8e3 binaries/dhcp.o
                0x000000000010df3c                dhcp_get_opt_val
                0x000000000010df95                dhcp_bld_bootp_msg
                0x000000000010e0a2                dhcp_bld_disc
                0x000000000010e18b                dhcp_bld_req
                0x000000000010e2fd                getlocalip
 .text          0x000000000010e81f      0x59f binaries/dns.o
                0x000000000010e81f                dnslookup
 .text          0x000000000010edbe       0xe8 binaries/dot2ip.o
                0x000000000010edbe                dot2ip
 .text          0x000000000010eea6      0x4c4 binaries/hexdump.o
                0x000000000010eea6                hexdump
                0x000000000010f04d                hexadump
 .text          0x000000000010f36a      0x8af binaries/icmp.o
                0x000000000010f36a                icmp_init
                0x000000000010f3a1                icmp_in
                0x000000000010f577                icmp_register
                0x000000000010f672                icmp_recv
                0x000000000010f7fe                icmp_send
                0x000000000010f886                icmp_mkpkt
                0x000000000010f9a0                icmp_release
                0x000000000010fa9e                icmp_cksum
                0x000000000010fb31                icmp_hton
                0x000000000010fba5                icmp_ntoh
 .text          0x000000000010fc19      0x8a5 binaries/ip.o
                0x000000000010fc19                ip_in
                0x000000000010fd9d                ip_send
                0x000000000010fef8                ip_local
                0x000000000010ff44                ip_out
                0x000000000011007d                ipcksum
                0x0000000000110103                ip_ntoh
                0x00000000001101ef                ip_hton
                0x00000000001102db                ipout
                0x000000000011040a                ip_enqueue
 .text          0x00000000001104be      0x2cd binaries/net.o
                0x00000000001104be                net_init
                0x00000000001105e6                netin
                0x00000000001106a3                eth_hton
                0x00000000001106cd                eth_ntoh
                0x00000000001106f7                getport
 .text          0x000000000011078b     0x147f binaries/pdump.o
                0x000000000011078b                pdump
                0x0000000000111548                pdumph
 .text          0x0000000000111c0a      0x613 binaries/tftp.o
                0x0000000000111c0a                tftp_send1
                0x0000000000111d82                tftpget
                0x0000000000111db4                tftpget_mb
 .text          0x000000000011221d      0xb82 binaries/udp.o
                0x000000000011221d                udp_init
                0x0000000000112252                udp_in
                0x0000000000112394                udp_register
                0x00000000001124d1                udp_recv
                0x000000000011266d                udp_recvaddr
                0x0000000000112821                udp_send
                0x0000000000112a09                udp_sendto
                0x0000000000112bba                udp_release
                0x0000000000112cb5                udp_ntoh
                0x0000000000112d2a                udp_hton
 .text          0x0000000000112d9f      0x138 binaries/addargs.o
                0x0000000000112d9f                addargs
 .text          0x0000000000112ed7      0x2c9 binaries/lexan.o
                0x0000000000112ed7                lexan
 .text          0x00000000001131a0      0x663 binaries/shell.o
                0x00000000001131a0                shell
 .text          0x0000000000113803       0x69 binaries/xsh_argecho.o
                0x0000000000113803                xsh_argecho
 .text          0x000000000011386c      0x275 binaries/xsh_arp.o
                0x000000000011386c                xsh_arp
 .text          0x0000000000113ae1      0x26f binaries/xsh_cat.o
                0x0000000000113ae1                xsh_cat
 .text          0x0000000000113d50       0x5e binaries/xsh_clear.o
                0x0000000000113d50                xsh_clear
 .text          0x0000000000113dae      0x2f7 binaries/xsh_date.o
                0x0000000000113dae                xsh_date
 .text          0x00000000001140a5       0xae binaries/xsh_devdump.o
                0x00000000001140a5                xsh_devdump
 .text          0x0000000000114153       0x72 binaries/xsh_echo.o
                0x0000000000114153                xsh_echo
 .text          0x00000000001141c5        0xa binaries/xsh_exit.o
                0x00000000001141c5                xsh_exit
 .text          0x00000000001141cf      0x389 binaries/xsh_help.o
                0x00000000001141cf                xsh_help
 .text          0x0000000000114558      0x249 binaries/xsh_kill.o
                0x0000000000114558                xsh_kill
 .text          0x00000000001147a1      0x545 binaries/xsh_memdump.o
                0x00000000001147a1                xsh_memdump
 .text          0x0000000000114ce6      0x2a7 binaries/xsh_memstat.o
                0x0000000000114ce6                xsh_memstat
 .text          0x0000000000114f8d      0x50d binaries/xsh_netinfo.o
                0x0000000000114f8d                xsh_netinfo
 .text          0x000000000011549a      0x48f binaries/xsh_ping.o
                0x000000000011549a                xsh_ping
 .text          0x0000000000115929      0x220 binaries/xsh_ps.o
                0x0000000000115929                xsh_ps
 .text          0x0000000000115b49      0x225 binaries/xsh_sleep.o
                0x0000000000115b49                xsh_sleep
 .text          0x0000000000115d6e      0x27a binaries/xsh_udpdump.o
                0x0000000000115d6e                xsh_udpdump
 .text          0x0000000000115fe8      0x4bf binaries/xsh_udpecho.o
                0x0000000000115fe8                xsh_udpecho
 .text          0x00000000001164a7      0x2b0 binaries/xsh_udpserver.o
                0x00000000001164a7                xsh_udpeserver
 .text          0x0000000000116757      0x1f3 binaries/xsh_uptime.o
                0x0000000000116757                xsh_uptime
 .text          0x000000000011694a        0xe binaries/clkdisp.o
                0x000000000011694a                clkdisp
 .text          0x0000000000116958       0x19 binaries/ctxsw.o
                0x0000000000116958                ctxsw
 .text          0x0000000000116971      0x36b binaries/intr.o
                0x0000000000116971                disable
                0x000000000011697a                restore
                0x0000000000116988                enable
                0x000000000011698a                pause
                0x0000000000116991                halt
                0x0000000000116997                spurious_irq7
                0x000000000011699c                spurious_irq15
                0x00000000001169ab                _Xint0
                0x00000000001169b6                _Xint1
                0x00000000001169c1                _Xint2
                0x00000000001169cc                _Xint3
                0x00000000001169d7                _Xint4
                0x00000000001169e2                _Xint5
                0x00000000001169ed                _Xint6
                0x00000000001169f8                _Xint7
                0x0000000000116a03                _Xint8
                0x0000000000116a0e                _Xint9
                0x0000000000116a19                _Xint10
                0x0000000000116a24                _Xint11
                0x0000000000116a32                _Xint12
                0x0000000000116a40                _Xint13
                0x0000000000116a4e                _Xint14
                0x0000000000116a5c                _Xint15
                0x0000000000116a6a                _Xint16
                0x0000000000116a78                _Xint17
                0x0000000000116a86                _Xint18
                0x0000000000116a94                _Xint19
                0x0000000000116aa2                _Xint20
                0x0000000000116ab0                _Xint21
                0x0000000000116abe                _Xint22
                0x0000000000116acc                _Xint23
                0x0000000000116ada                _Xint24
                0x0000000000116ae8                _Xint25
                0x0000000000116af6                _Xint26
                0x0000000000116b04                _Xint27
                0x0000000000116b12                _Xint28
                0x0000000000116b20                _Xint29
                0x0000000000116b2e                _Xint30
                0x0000000000116b3c                _Xint31
                0x0000000000116b4a                _Xint32
                0x0000000000116b58                _Xint33
                0x0000000000116b66                _Xint34
                0x0000000000116b74                _Xint35
                0x0000000000116b82                _Xint36
                0x0000000000116b90                _Xint37
                0x0000000000116b9e                _Xint38
                0x0000000000116bac                _Xint39
                0x0000000000116bba                _Xint40
                0x0000000000116bc8                _Xint41
                0x0000000000116bd6                _Xint42
                0x0000000000116be4                _Xint43
                0x0000000000116bf2                _Xint44
                0x0000000000116c00                _Xint45
                0x0000000000116c0e                _Xint46
                0x0000000000116c1c                defevec
 .text          0x0000000000116cdc        0xf binaries/ttydispatch.o
                0x0000000000116cdc                ttydispatch
 .text          0x0000000000116ceb       0x13 binaries/ethdispatch.o
                0x0000000000116ceb                ethdispatch
 *(.rodata .rodata.*)
 *fill*         0x0000000000116cfe        0x2 
 .rodata        0x0000000000116d00       0x8e binaries/ascdate.o
 .rodata        0x0000000000116d8e       0xae binaries/conf.o
 .rodata        0x0000000000116e3c      0x22f binaries/evec.o
 *fill*         0x000000000011706b        0x1 
 .rodata        0x000000000011706c       0x61 binaries/getutime.o
 *fill*         0x00000000001170cd        0x3 
 .rodata        0x00000000001170d0       0x90 binaries/i386.o
 .rodata        0x0000000000117160      0x180 binaries/initialize.o
 .rodata        0x00000000001172e0       0x6c binaries/kill.o
 .rodata        0x000000000011734c       0x10 binaries/main.o
 .rodata        0x000000000011735c        0xf binaries/panic.o
 *fill*         0x000000000011736b        0x1 
 .rodata        0x000000000011736c      0x1ec binaries/pci.o
 .rodata        0x0000000000117558       0x1d binaries/ptinit.o
 *fill*         0x0000000000117575        0x3 
 .rodata        0x0000000000117578       0x25 binaries/ptsend.o
 .rodata        0x000000000011759d       0x56 binaries/resched.o
 *fill*         0x00000000001175f3        0x1 
 .rodata        0x00000000001175f4       0xb7 binaries/stacktrace.o
 *fill*         0x00000000001176ab        0x1 
 .rodata        0x00000000001176ac       0x27 binaries/xdone.o
 *fill*         0x00000000001176d3        0xd 
 .rodata        0x00000000001176e0       0x81 binaries/ctype_.o
                0x00000000001176e0                _ctype_
 *fill*         0x0000000000117761        0x3 
 .rodata        0x0000000000117764       0xee binaries/doprnt.o
 *fill*         0x0000000000117852        0x2 
 .rodata        0x0000000000117854       0x98 binaries/doscan.o
 .rodata        0x00000000001178ec       0xae binaries/fdoprnt.o
 *fill*         0x000000000011799a        0x2 
 .rodata        0x000000000011799c       0x20 binaries/ttycontrol.o
 .rodata        0x00000000001179bc       0x34 binaries/ttyhandler.o
 .rodata        0x00000000001179f0       0x80 binaries/naminit.o
 .rodata        0x0000000000117a70       0x2e binaries/82545EMInit.o
 *fill*         0x0000000000117a9e        0x2 
 .rodata        0x0000000000117aa0       0x78 binaries/ethinit.o
 .rodata        0x0000000000117b18       0x18 binaries/ethread.o
 .rodata        0x0000000000117b30       0x2c binaries/rdsbufalloc.o
 .rodata        0x0000000000117b5c       0x76 binaries/rdscomm.o
 *fill*         0x0000000000117bd2        0x2 
 .rodata        0x0000000000117bd4       0x48 binaries/rdscontrol.o
 .rodata        0x0000000000117c1c       0x96 binaries/rdsinit.o
 *fill*         0x0000000000117cb2        0x2 
 .rodata        0x0000000000117cb4       0x22 binaries/rdsopen.o
 *fill*         0x0000000000117cd6        0x2 
 .rodata        0x0000000000117cd8       0x4d binaries/rdsprocess.o
 .rodata        0x0000000000117d25        0x9 binaries/raminit.o
 *fill*         0x0000000000117d2e        0x2 
 .rodata        0x0000000000117d30       0x37 binaries/lfdballoc.o
 .rodata        0x0000000000117d67       0x14 binaries/lfiballoc.o
 *fill*         0x0000000000117d7b        0x1 
 .rodata        0x0000000000117d7c       0x23 binaries/lflcontrol.o
 *fill*         0x0000000000117d9f        0x1 
 .rodata        0x0000000000117da0      0x11b binaries/lfsckfmt.o
 *fill*         0x0000000000117ebb        0x1 
 .rodata        0x0000000000117ebc       0x2a binaries/lfsopen.o
 *fill*         0x0000000000117ee6        0x2 
 .rodata        0x0000000000117ee8       0x21 binaries/rflread.o
 *fill*         0x0000000000117f09        0x3 
 .rodata        0x0000000000117f0c       0x21 binaries/rflwrite.o
 *fill*         0x0000000000117f2d        0x3 
 .rodata        0x0000000000117f30       0x75 binaries/rfscomm.o
 *fill*         0x0000000000117fa5        0x3 
 .rodata        0x0000000000117fa8       0x3c binaries/rfscontrol.o
 .rodata        0x0000000000117fe4       0x63 binaries/rfsinit.o
 *fill*         0x0000000000118047        0x1 
 .rodata        0x0000000000118048       0x2a binaries/rfsndmsg.o
 *fill*         0x0000000000118072        0x2 
 .rodata        0x0000000000118074       0x22 binaries/rfsopen.o
 *fill*         0x0000000000118096        0x2 
 .rodata        0x0000000000118098       0x3a binaries/arp.o
 *fill*         0x00000000001180d2        0x2 
 .rodata        0x00000000001180d4       0xcf binaries/dhcp.o
 .rodata        0x00000000001181a3       0x1a binaries/dns.o
 *fill*         0x00000000001181bd        0x3 
 .rodata        0x00000000001181c0       0xc9 binaries/hexdump.o
 *fill*         0x0000000000118289        0x3 
 .rodata        0x000000000011828c       0x29 binaries/icmp.o
 *fill*         0x00000000001182b5        0x3 
 .rodata        0x00000000001182b8       0x6e binaries/ip.o
 *fill*         0x0000000000118326        0x2 
 .rodata        0x0000000000118328       0x4f binaries/net.o
 *fill*         0x0000000000118377        0x1 
 .rodata        0x0000000000118378      0x26f binaries/pdump.o
 *fill*         0x00000000001185e7        0x1 
 .rodata        0x00000000001185e8      0x154 binaries/tftp.o
 *fill*         0x000000000011873c        0x4 
 .rodata        0x0000000000118740      0x3c1 binaries/shell.o
                0x00000000001187c0                cmdtab
 .rodata        0x0000000000118b01       0x28 binaries/xsh_argecho.o
 *fill*         0x0000000000118b29        0x3 
 .rodata        0x0000000000118b2c      0x123 binaries/xsh_arp.o
 *fill*         0x0000000000118c4f        0x1 
 .rodata        0x0000000000118c50       0xc9 binaries/xsh_cat.o
 .rodata        0x0000000000118d19       0x19 binaries/xsh_clear.o
 *fill*         0x0000000000118d32        0x2 
 .rodata        0x0000000000118d34      0x1c3 binaries/xsh_date.o
 .rodata        0x0000000000118ef7       0x5d binaries/xsh_devdump.o
 .rodata        0x0000000000118f54        0x9 binaries/xsh_echo.o
 *fill*         0x0000000000118f5d        0x3 
 .rodata        0x0000000000118f60      0x169 binaries/xsh_help.o
 *fill*         0x00000000001190c9        0x3 
 .rodata        0x00000000001190cc      0x12e binaries/xsh_kill.o
 *fill*         0x00000000001191fa        0x2 
 .rodata        0x00000000001191fc      0x266 binaries/xsh_memdump.o
 *fill*         0x0000000000119462        0x2 
 .rodata        0x0000000000119464      0x225 binaries/xsh_memstat.o
 *fill*         0x0000000000119689        0x3 
 .rodata        0x000000000011968c      0x1b0 binaries/xsh_netinfo.o
 .rodata        0x000000000011983c      0x1a1 binaries/xsh_ping.o
 *fill*         0x00000000001199dd        0x3 
 .rodata        0x00000000001199e0      0x1e0 binaries/xsh_ps.o
 .rodata        0x0000000000119bc0       0xeb binaries/xsh_sleep.o
 *fill*         0x0000000000119cab        0x1 
 .rodata        0x0000000000119cac      0x1b8 binaries/xsh_udpdump.o
 .rodata        0x0000000000119e64      0x215 binaries/xsh_udpecho.o
 *fill*         0x000000000011a079        0x3 
 .rodata        0x000000000011a07c      0x12b binaries/xsh_udpserver.o
 *fill*         0x000000000011a1a7        0x1 
 .rodata        0x000000000011a1a8      0x105 binaries/xsh_uptime.o
                0x000000000011a2ad                etext = ABSOLUTE (.)
                0x000000000011b000                . = ALIGN (0x1000)
 *fill*         0x000000000011a2ad      0xd53 

.eh_frame       0x000000000011b000     0x2c90
 .eh_frame      0x000000000011b000       0x38 binaries/ascdate.o
 .eh_frame      0x000000000011b038       0x20 binaries/bufinit.o
                                         0x38 (size before relaxing)
 .eh_frame      0x000000000011b058       0x20 binaries/chprio.o
                                         0x38 (size before relaxing)
 .eh_frame      0x000000000011b078       0x20 binaries/clkhandler.o
                                         0x38 (size before relaxing)
 .eh_frame      0x000000000011b098       0x20 binaries/clkinit.o
                                         0x38 (size before relaxing)
 .eh_frame      0x000000000011b0b8       0x20 binaries/close.o
                                         0x38 (size before relaxing)
 .eh_frame      0x000000000011b0d8       0x20 binaries/control.o
                                         0x38 (size before relaxing)
 .eh_frame      0x000000000011b0f8       0x40 binaries/create.o
                                         0x58 (size before relaxing)
 .eh_frame      0x000000000011b138       0x60 binaries/create_user_proc.o
                                         0x78 (size before relaxing)
 .eh_frame      0x000000000011b198       0x60 binaries/evec.o
                                         0x78 (size before relaxing)
 .eh_frame      0x000000000011b1f8       0x20 binaries/exit.o
                                         0x38 (size before relaxing)
 .eh_frame      0x000000000011b218       0x20 binaries/freebuf.o
                                         0x38 (size before relaxing)
 .eh_frame      0x000000000011b238       0x20 binaries/freemem.o
                                         0x38 (size before relaxing)
 .eh_frame      0x000000000011b258       0x20 binaries/getbuf.o
                                         0x38 (size before relaxing)
 .eh_frame      0x000000000011b278       0x20 binaries/getc.o
                                         0x38 (size before relaxing)
 .eh_frame      0x000000000011b298       0x20 binaries/getdev.o
                                         0x38 (size before relaxing)
 .eh_frame      0x000000000011b2b8       0x60 binaries/getitem.o
                                         0x78 (size before relaxing)
 .eh_frame      0x000000000011b318       0x20 binaries/getmem.o
                                         0x38 (size before relaxing)
 .eh_frame      0x000000000011b338       0x20 binaries/getpid.o
                                         0x38 (size before relaxing)
 .eh_frame      0x000000000011b358       0x20 binaries/getprio.o
                                         0x38 (size before relaxing)
 .eh_frame      0x000000000011b378       0x20 binaries/getstk.o
                                         0x38 (size before relaxing)
 .eh_frame      0x000000000011b398       0x20 binaries/getticks.o
                                         0x38 (size before relaxing)
 .eh_frame      0x000000000011b3b8       0x20 binaries/gettime.o
                                         0x38 (size before relaxing)
 .eh_frame      0x000000000011b3d8       0x20 binaries/getutime.o
                                         0x38 (size before relaxing)
 .eh_frame      0x000000000011b3f8       0x8c binaries/i386.o
                                         0xa4 (size before relaxing)
 .eh_frame      0x000000000011b484       0x20 binaries/init.o
                                         0x38 (size before relaxing)
 .eh_frame      0x000000000011b4a4       0xa0 binaries/initialize.o
                                         0xb8 (size before relaxing)
 .eh_frame      0x000000000011b544       0x20 binaries/insert.o
                                         0x38 (size before relaxing)
 .eh_frame      0x000000000011b564       0x20 binaries/insertd.o
                                         0x38 (size before relaxing)
 .eh_frame      0x000000000011b584       0x20 binaries/ioerr.o
                                         0x38 (size before relaxing)
 .eh_frame      0x000000000011b5a4       0x20 binaries/ionull.o
                                         0x38 (size before relaxing)
 .eh_frame      0x000000000011b5c4       0x20 binaries/kill.o
                                         0x38 (size before relaxing)
 .eh_frame      0x000000000011b5e4       0x60 binaries/kprintf.o
                                         0x78 (size before relaxing)
 .eh_frame      0x000000000011b644       0x2c binaries/main.o
                                         0x44 (size before relaxing)
 .eh_frame      0x000000000011b670       0x40 binaries/mark.o
                                         0x58 (size before relaxing)
 .eh_frame      0x000000000011b6b0       0x20 binaries/meminit.o
                                         0x38 (size before relaxing)
 .eh_frame      0x000000000011b6d0       0x20 binaries/mkbufpool.o
                                         0x38 (size before relaxing)
 .eh_frame      0x000000000011b6f0       0x20 binaries/newqueue.o
                                         0x38 (size before relaxing)
 .eh_frame      0x000000000011b710       0x20 binaries/open.o
                                         0x38 (size before relaxing)
 .eh_frame      0x000000000011b730       0x1c binaries/panic.o
                                         0x34 (size before relaxing)
 .eh_frame      0x000000000011b74c      0x1c8 binaries/pci.o
                                        0x1e0 (size before relaxing)
 .eh_frame      0x000000000011b914       0x20 binaries/ptclear.o
                                         0x38 (size before relaxing)
 .eh_frame      0x000000000011b934       0x20 binaries/ptcount.o
                                         0x38 (size before relaxing)
 .eh_frame      0x000000000011b954       0x20 binaries/ptcreate.o
                                         0x38 (size before relaxing)
 .eh_frame      0x000000000011b974       0x20 binaries/ptdelete.o
                                         0x38 (size before relaxing)
 .eh_frame      0x000000000011b994       0x20 binaries/ptinit.o
                                         0x38 (size before relaxing)
 .eh_frame      0x000000000011b9b4       0x20 binaries/ptrecv.o
                                         0x38 (size before relaxing)
 .eh_frame      0x000000000011b9d4       0x20 binaries/ptreset.o
                                         0x38 (size before relaxing)
 .eh_frame      0x000000000011b9f4       0x20 binaries/ptsend.o
                                         0x38 (size before relaxing)
 .eh_frame      0x000000000011ba14       0x20 binaries/putc.o
                                         0x38 (size before relaxing)
 .eh_frame      0x000000000011ba34       0x40 binaries/queue.o
                                         0x58 (size before relaxing)
 .eh_frame      0x000000000011ba74       0x20 binaries/read.o
                                         0x38 (size before relaxing)
 .eh_frame      0x000000000011ba94       0x24 binaries/ready.o
                                         0x3c (size before relaxing)
 .eh_frame      0x000000000011bab8       0x20 binaries/receive.o
                                         0x38 (size before relaxing)
 .eh_frame      0x000000000011bad8       0x20 binaries/recvclr.o
                                         0x38 (size before relaxing)
 .eh_frame      0x000000000011baf8       0x20 binaries/recvtime.o
                                         0x38 (size before relaxing)
 .eh_frame      0x000000000011bb18       0x40 binaries/resched.o
                                         0x58 (size before relaxing)
 .eh_frame      0x000000000011bb58       0x20 binaries/resume.o
                                         0x38 (size before relaxing)
 .eh_frame      0x000000000011bb78       0x20 binaries/seek.o
                                         0x38 (size before relaxing)
 .eh_frame      0x000000000011bb98       0x20 binaries/semcount.o
                                         0x38 (size before relaxing)
 .eh_frame      0x000000000011bbb8       0x40 binaries/semcreate.o
                                         0x58 (size before relaxing)
 .eh_frame      0x000000000011bbf8       0x20 binaries/semdelete.o
                                         0x38 (size before relaxing)
 .eh_frame      0x000000000011bc18       0x20 binaries/semreset.o
                                         0x38 (size before relaxing)
 .eh_frame      0x000000000011bc38       0x20 binaries/send.o
                                         0x38 (size before relaxing)
 .eh_frame      0x000000000011bc58       0x20 binaries/signal.o
                                         0x38 (size before relaxing)
 .eh_frame      0x000000000011bc78       0x20 binaries/signaln.o
                                         0x38 (size before relaxing)
 .eh_frame      0x000000000011bc98       0x40 binaries/sleep.o
                                         0x58 (size before relaxing)
 .eh_frame      0x000000000011bcd8       0x20 binaries/stacktrace.o
                                         0x38 (size before relaxing)
 .eh_frame      0x000000000011bcf8       0x20 binaries/suspend.o
                                         0x38 (size before relaxing)
 .eh_frame      0x000000000011bd18       0x20 binaries/unsleep.o
                                         0x38 (size before relaxing)
 .eh_frame      0x000000000011bd38       0x20 binaries/userret.o
                                         0x38 (size before relaxing)
 .eh_frame      0x000000000011bd58       0x20 binaries/wait.o
                                         0x38 (size before relaxing)
 .eh_frame      0x000000000011bd78       0x20 binaries/wakeup.o
                                         0x38 (size before relaxing)
 .eh_frame      0x000000000011bd98       0x20 binaries/write.o
                                         0x38 (size before relaxing)
 .eh_frame      0x000000000011bdb8       0x20 binaries/xdone.o
                                         0x38 (size before relaxing)
 .eh_frame      0x000000000011bdd8       0x20 binaries/yield.o
                                         0x38 (size before relaxing)
 .eh_frame      0x000000000011bdf8       0x20 binaries/abs.o
                                         0x38 (size before relaxing)
 .eh_frame      0x000000000011be18       0x20 binaries/atoi.o
                                         0x38 (size before relaxing)
 .eh_frame      0x000000000011be38       0x20 binaries/atol.o
                                         0x38 (size before relaxing)
 .eh_frame      0x000000000011be58       0x20 binaries/bzero.o
                                         0x38 (size before relaxing)
 .eh_frame      0x000000000011be78       0xe0 binaries/doprnt.o
                                         0xf8 (size before relaxing)
 .eh_frame      0x000000000011bf58       0xb0 binaries/doscan.o
                                         0xc8 (size before relaxing)
 .eh_frame      0x000000000011c008       0xc0 binaries/fdoprnt.o
                                         0xd8 (size before relaxing)
 .eh_frame      0x000000000011c0c8       0x20 binaries/fgetc.o
                                         0x38 (size before relaxing)
 .eh_frame      0x000000000011c0e8       0x20 binaries/fgets.o
                                         0x38 (size before relaxing)
 .eh_frame      0x000000000011c108       0x20 binaries/fprintf.o
                                         0x38 (size before relaxing)
 .eh_frame      0x000000000011c128       0x20 binaries/fputc.o
                                         0x38 (size before relaxing)
 .eh_frame      0x000000000011c148       0x20 binaries/fputs.o
                                         0x38 (size before relaxing)
 .eh_frame      0x000000000011c168       0x60 binaries/fscanf.o
                                         0x78 (size before relaxing)
 .eh_frame      0x000000000011c1c8       0x20 binaries/getchar.o
                                         0x38 (size before relaxing)
 .eh_frame      0x000000000011c1e8       0x20 binaries/labs.o
                                         0x38 (size before relaxing)
 .eh_frame      0x000000000011c208       0x20 binaries/memcmp.o
                                         0x38 (size before relaxing)
 .eh_frame      0x000000000011c228       0x24 binaries/memcpy.o
                                         0x3c (size before relaxing)
 .eh_frame      0x000000000011c24c       0x24 binaries/memset.o
                                         0x3c (size before relaxing)
 .eh_frame      0x000000000011c270       0x20 binaries/printf.o
                                         0x38 (size before relaxing)
 .eh_frame      0x000000000011c290       0x20 binaries/putchar.o
                                         0x38 (size before relaxing)
 .eh_frame      0x000000000011c2b0       0xa8 binaries/qsort.o
                                         0xc0 (size before relaxing)
 .eh_frame      0x000000000011c358       0x60 binaries/rand.o
                                         0x78 (size before relaxing)
 .eh_frame      0x000000000011c3b8       0x40 binaries/sprintf.o
                                         0x58 (size before relaxing)
 .eh_frame      0x000000000011c3f8       0x60 binaries/sscanf.o
                                         0x78 (size before relaxing)
 .eh_frame      0x000000000011c458       0x20 binaries/strchr.o
                                         0x38 (size before relaxing)
 .eh_frame      0x000000000011c478       0x20 binaries/strcmp.o
                                         0x38 (size before relaxing)
 .eh_frame      0x000000000011c498       0x20 binaries/strcpy.o
                                         0x38 (size before relaxing)
 .eh_frame      0x000000000011c4b8       0x20 binaries/strlen.o
                                         0x38 (size before relaxing)
 .eh_frame      0x000000000011c4d8       0x20 binaries/strncat.o
                                         0x38 (size before relaxing)
 .eh_frame      0x000000000011c4f8       0x20 binaries/strncmp.o
                                         0x38 (size before relaxing)
 .eh_frame      0x000000000011c518       0x28 binaries/strncpy.o
                                         0x40 (size before relaxing)
 .eh_frame      0x000000000011c540       0x20 binaries/strnlen.o
                                         0x38 (size before relaxing)
 .eh_frame      0x000000000011c560       0x20 binaries/strrchr.o
                                         0x38 (size before relaxing)
 .eh_frame      0x000000000011c580       0x20 binaries/strstr.o
                                         0x38 (size before relaxing)
 .eh_frame      0x000000000011c5a0       0x20 binaries/ttycontrol.o
                                         0x38 (size before relaxing)
 .eh_frame      0x000000000011c5c0       0x20 binaries/ttygetc.o
                                         0x38 (size before relaxing)
 .eh_frame      0x000000000011c5e0       0x80 binaries/ttyhandle_in.o
                                         0x98 (size before relaxing)
 .eh_frame      0x000000000011c660       0x20 binaries/ttyhandle_out.o
                                         0x38 (size before relaxing)
 .eh_frame      0x000000000011c680       0x20 binaries/ttyhandler.o
                                         0x38 (size before relaxing)
 .eh_frame      0x000000000011c6a0       0x20 binaries/ttyinit.o
                                         0x38 (size before relaxing)
 .eh_frame      0x000000000011c6c0       0x20 binaries/ttykickout.o
                                         0x38 (size before relaxing)
 .eh_frame      0x000000000011c6e0       0x20 binaries/ttyputc.o
                                         0x38 (size before relaxing)
 .eh_frame      0x000000000011c700       0x24 binaries/ttyread.o
                                         0x3c (size before relaxing)
 .eh_frame      0x000000000011c724       0x20 binaries/ttywrite.o
                                         0x38 (size before relaxing)
 .eh_frame      0x000000000011c744       0x40 binaries/mount.o
                                         0x58 (size before relaxing)
 .eh_frame      0x000000000011c784       0x20 binaries/naminit.o
                                         0x38 (size before relaxing)
 .eh_frame      0x000000000011c7a4       0x60 binaries/nammap.o
                                         0x78 (size before relaxing)
 .eh_frame      0x000000000011c804       0x20 binaries/namopen.o
                                         0x38 (size before relaxing)
 .eh_frame      0x000000000011c824      0x150 binaries/82545EMInit.o
                                        0x168 (size before relaxing)
 .eh_frame      0x000000000011c974       0xa0 binaries/ethcontrol.o
                                         0xb8 (size before relaxing)
 .eh_frame      0x000000000011ca14       0x80 binaries/ethhandler.o
                                         0x98 (size before relaxing)
 .eh_frame      0x000000000011ca94       0x20 binaries/ethinit.o
                                         0x38 (size before relaxing)
 .eh_frame      0x000000000011cab4       0x60 binaries/ethread.o
                                         0x78 (size before relaxing)
 .eh_frame      0x000000000011cb14       0x60 binaries/ethwrite.o
                                         0x78 (size before relaxing)
 .eh_frame      0x000000000011cb74       0x20 binaries/rdsbufalloc.o
                                         0x38 (size before relaxing)
 .eh_frame      0x000000000011cb94       0x20 binaries/rdsclose.o
                                         0x38 (size before relaxing)
 .eh_frame      0x000000000011cbb4       0x20 binaries/rdscomm.o
                                         0x38 (size before relaxing)
 .eh_frame      0x000000000011cbd4       0x20 binaries/rdscontrol.o
                                         0x38 (size before relaxing)
 .eh_frame      0x000000000011cbf4       0x20 binaries/rdsinit.o
                                         0x38 (size before relaxing)
 .eh_frame      0x000000000011cc14       0x20 binaries/rdsopen.o
                                         0x38 (size before relaxing)
 .eh_frame      0x000000000011cc34       0x1c binaries/rdsprocess.o
                                         0x34 (size before relaxing)
 .eh_frame      0x000000000011cc50       0x20 binaries/rdsread.o
                                         0x38 (size before relaxing)
 .eh_frame      0x000000000011cc70       0x20 binaries/rdswrite.o
                                         0x38 (size before relaxing)
 .eh_frame      0x000000000011cc90       0x20 binaries/ramclose.o
                                         0x38 (size before relaxing)
 .eh_frame      0x000000000011ccb0       0x20 binaries/raminit.o
                                         0x38 (size before relaxing)
 .eh_frame      0x000000000011ccd0       0x20 binaries/ramopen.o
                                         0x38 (size before relaxing)
 .eh_frame      0x000000000011ccf0       0x20 binaries/ramread.o
                                         0x38 (size before relaxing)
 .eh_frame      0x000000000011cd10       0x20 binaries/ramwrite.o
                                         0x38 (size before relaxing)
 .eh_frame      0x000000000011cd30       0x20 binaries/lfdballoc.o
                                         0x38 (size before relaxing)
 .eh_frame      0x000000000011cd50       0x20 binaries/lfdbfree.o
                                         0x38 (size before relaxing)
 .eh_frame      0x000000000011cd70       0x20 binaries/lfflush.o
                                         0x38 (size before relaxing)
 .eh_frame      0x000000000011cd90       0x20 binaries/lfgetmode.o
                                         0x38 (size before relaxing)
 .eh_frame      0x000000000011cdb0       0x20 binaries/lfiballoc.o
                                         0x38 (size before relaxing)
 .eh_frame      0x000000000011cdd0       0x20 binaries/lfibclear.o
                                         0x38 (size before relaxing)
 .eh_frame      0x000000000011cdf0       0x20 binaries/lfibget.o
                                         0x38 (size before relaxing)
 .eh_frame      0x000000000011ce10       0x20 binaries/lfibput.o
                                         0x38 (size before relaxing)
 .eh_frame      0x000000000011ce30       0x20 binaries/lflclose.o
                                         0x38 (size before relaxing)
 .eh_frame      0x000000000011ce50       0x20 binaries/lflcontrol.o
                                         0x38 (size before relaxing)
 .eh_frame      0x000000000011ce70       0x20 binaries/lflgetc.o
                                         0x38 (size before relaxing)
 .eh_frame      0x000000000011ce90       0x20 binaries/lflinit.o
                                         0x38 (size before relaxing)
 .eh_frame      0x000000000011ceb0       0x20 binaries/lflputc.o
                                         0x38 (size before relaxing)
 .eh_frame      0x000000000011ced0       0x20 binaries/lflread.o
                                         0x38 (size before relaxing)
 .eh_frame      0x000000000011cef0       0x20 binaries/lflseek.o
                                         0x38 (size before relaxing)
 .eh_frame      0x000000000011cf10       0x20 binaries/lflwrite.o
                                         0x38 (size before relaxing)
 .eh_frame      0x000000000011cf30       0x20 binaries/lfscheck.o
                                         0x38 (size before relaxing)
 .eh_frame      0x000000000011cf50       0x20 binaries/lfsckfmt.o
                                         0x38 (size before relaxing)
 .eh_frame      0x000000000011cf70       0x20 binaries/lfscreate.o
                                         0x38 (size before relaxing)
 .eh_frame      0x000000000011cf90       0x20 binaries/lfsetup.o
                                         0x38 (size before relaxing)
 .eh_frame      0x000000000011cfb0       0x20 binaries/lfsinit.o
                                         0x38 (size before relaxing)
 .eh_frame      0x000000000011cfd0       0x20 binaries/lfsopen.o
                                         0x38 (size before relaxing)
 .eh_frame      0x000000000011cff0       0x20 binaries/lftruncate.o
                                         0x38 (size before relaxing)
 .eh_frame      0x000000000011d010       0x20 binaries/rflclose.o
                                         0x38 (size before relaxing)
 .eh_frame      0x000000000011d030       0x20 binaries/rflgetc.o
                                         0x38 (size before relaxing)
 .eh_frame      0x000000000011d050       0x20 binaries/rflinit.o
                                         0x38 (size before relaxing)
 .eh_frame      0x000000000011d070       0x20 binaries/rflputc.o
                                         0x38 (size before relaxing)
 .eh_frame      0x000000000011d090       0x20 binaries/rflread.o
                                         0x38 (size before relaxing)
 .eh_frame      0x000000000011d0b0       0x20 binaries/rflseek.o
                                         0x38 (size before relaxing)
 .eh_frame      0x000000000011d0d0       0x20 binaries/rflwrite.o
                                         0x38 (size before relaxing)
 .eh_frame      0x000000000011d0f0       0x20 binaries/rfscomm.o
                                         0x38 (size before relaxing)
 .eh_frame      0x000000000011d110       0x20 binaries/rfscontrol.o
                                         0x38 (size before relaxing)
 .eh_frame      0x000000000011d130       0x20 binaries/rfsgetmode.o
                                         0x38 (size before relaxing)
 .eh_frame      0x000000000011d150       0x20 binaries/rfsinit.o
                                         0x38 (size before relaxing)
 .eh_frame      0x000000000011d170       0x20 binaries/rfsndmsg.o
                                         0x38 (size before relaxing)
 .eh_frame      0x000000000011d190       0x20 binaries/rfsopen.o
                                         0x38 (size before relaxing)
 .eh_frame      0x000000000011d1b0       0xc0 binaries/arp.o
                                         0xd8 (size before relaxing)
 .eh_frame      0x000000000011d270       0xa0 binaries/dhcp.o
                                         0xb8 (size before relaxing)
 .eh_frame      0x000000000011d310       0x80 binaries/dns.o
                                         0x98 (size before relaxing)
 .eh_frame      0x000000000011d390       0x20 binaries/dot2ip.o
                                         0x38 (size before relaxing)
 .eh_frame      0x000000000011d3b0       0x40 binaries/hexdump.o
                                         0x58 (size before relaxing)
 .eh_frame      0x000000000011d3f0      0x14c binaries/icmp.o
                                        0x164 (size before relaxing)
 .eh_frame      0x000000000011d53c      0x11c binaries/ip.o
                                        0x134 (size before relaxing)
 .eh_frame      0x000000000011d658       0xa0 binaries/net.o
                                         0xb8 (size before relaxing)
 .eh_frame      0x000000000011d6f8       0x60 binaries/pdump.o
                                         0x78 (size before relaxing)
 .eh_frame      0x000000000011d758       0x60 binaries/tftp.o
                                         0x78 (size before relaxing)
 .eh_frame      0x000000000011d7b8      0x140 binaries/udp.o
                                        0x158 (size before relaxing)
 .eh_frame      0x000000000011d8f8       0x20 binaries/addargs.o
                                         0x38 (size before relaxing)
 .eh_frame      0x000000000011d918       0x20 binaries/lexan.o
                                         0x38 (size before relaxing)
 .eh_frame      0x000000000011d938       0x20 binaries/shell.o
                                         0x38 (size before relaxing)
 .eh_frame      0x000000000011d958       0x20 binaries/xsh_argecho.o
                                         0x38 (size before relaxing)
 .eh_frame      0x000000000011d978       0x40 binaries/xsh_arp.o
                                         0x58 (size before relaxing)
 .eh_frame      0x000000000011d9b8       0x20 binaries/xsh_cat.o
                                         0x38 (size before relaxing)
 .eh_frame      0x000000000011d9d8       0x20 binaries/xsh_clear.o
                                         0x38 (size before relaxing)
 .eh_frame      0x000000000011d9f8       0x20 binaries/xsh_date.o
                                         0x38 (size before relaxing)
 .eh_frame      0x000000000011da18       0x20 binaries/xsh_devdump.o
                                         0x38 (size before relaxing)
 .eh_frame      0x000000000011da38       0x20 binaries/xsh_echo.o
                                         0x38 (size before relaxing)
 .eh_frame      0x000000000011da58       0x20 binaries/xsh_exit.o
                                         0x38 (size before relaxing)
 .eh_frame      0x000000000011da78       0x20 binaries/xsh_help.o
                                         0x38 (size before relaxing)
 .eh_frame      0x000000000011da98       0x20 binaries/xsh_kill.o
                                         0x38 (size before relaxing)
 .eh_frame      0x000000000011dab8       0x40 binaries/xsh_memdump.o
                                         0x58 (size before relaxing)
 .eh_frame      0x000000000011daf8       0x60 binaries/xsh_memstat.o
                                         0x78 (size before relaxing)
 .eh_frame      0x000000000011db58       0x30 binaries/xsh_netinfo.o
                                         0x48 (size before relaxing)
 .eh_frame      0x000000000011db88       0x24 binaries/xsh_ping.o
                                         0x3c (size before relaxing)
 .eh_frame      0x000000000011dbac       0x30 binaries/xsh_ps.o
                                         0x48 (size before relaxing)
 .eh_frame      0x000000000011dbdc       0x20 binaries/xsh_sleep.o
                                         0x38 (size before relaxing)
 .eh_frame      0x000000000011dbfc       0x20 binaries/xsh_udpdump.o
                                         0x38 (size before relaxing)
 .eh_frame      0x000000000011dc1c       0x30 binaries/xsh_udpecho.o
                                         0x48 (size before relaxing)
 .eh_frame      0x000000000011dc4c       0x24 binaries/xsh_udpserver.o
                                         0x3c (size before relaxing)
 .eh_frame      0x000000000011dc70       0x20 binaries/xsh_uptime.o
                                         0x38 (size before relaxing)

.iplt           0x000000000011dc90        0x0
 .iplt          0x000000000011dc90        0x0 binaries/start.o

.rel.dyn        0x000000000011dc90        0x0
 .rel.iplt      0x000000000011dc90        0x0 binaries/start.o
 .rel.text      0x000000000011dc90        0x0 binaries/start.o
 .rel.data      0x000000000011dc90        0x0 binaries/start.o
 .rel.rodata    0x000000000011dc90        0x0 binaries/start.o

.data           0x000000000011dca0     0x1360
                0x000000000011dca0                data = ABSOLUTE (.)
 *(.data .data.*)
 .data          0x000000000011dca0      0x460 binaries/start.o
                0x000000000011dca0                gdt
                0x000000000011dce0                gdtr
                0x000000000011dce6                idt
                0x000000000011e0e6                idtr
                0x000000000011e0ec                cpudelay
                0x000000000011e0f0                _bootdev
                0x000000000011e0f4                _cyloffset
 .data          0x000000000011e100       0x88 binaries/ascdate.o
                0x000000000011e100                Date
 .data          0x000000000011e188        0x0 binaries/bufinit.o
 .data          0x000000000011e188        0x0 binaries/chprio.o
 .data          0x000000000011e188        0x4 binaries/clkhandler.o
 .data          0x000000000011e18c        0x0 binaries/clkinit.o
 .data          0x000000000011e18c        0x0 binaries/close.o
 *fill*         0x000000000011e18c       0x14 
 .data          0x000000000011e1a0      0x5a0 binaries/conf.o
                0x000000000011e1a0                devtab
 .data          0x000000000011e740        0x0 binaries/control.o
 .data          0x000000000011e740        0x4 binaries/create.o
 .data          0x000000000011e744        0x4 binaries/create_user_proc.o
 *fill*         0x000000000011e748       0x18 
 .data          0x000000000011e760       0x40 binaries/evec.o
                0x000000000011e760                inames
 .data          0x000000000011e7a0        0x0 binaries/exit.o
 .data          0x000000000011e7a0        0x0 binaries/freebuf.o
 .data          0x000000000011e7a0        0x0 binaries/freemem.o
 .data          0x000000000011e7a0        0x0 binaries/getbuf.o
 .data          0x000000000011e7a0        0x0 binaries/getc.o
 .data          0x000000000011e7a0        0x0 binaries/getdev.o
 .data          0x000000000011e7a0        0x0 binaries/getitem.o
 .data          0x000000000011e7a0        0x0 binaries/getmem.o
 .data          0x000000000011e7a0        0x0 binaries/getpid.o
 .data          0x000000000011e7a0        0x0 binaries/getprio.o
 .data          0x000000000011e7a0        0x0 binaries/getstk.o
 .data          0x000000000011e7a0        0x0 binaries/getticks.o
 .data          0x000000000011e7a0        0x0 binaries/gettime.o
 .data          0x000000000011e7a0        0x0 binaries/getutime.o
 .data          0x000000000011e7a0       0x40 binaries/i386.o
                0x000000000011e7a0                gdt_copy
 .data          0x000000000011e7e0        0x0 binaries/init.o
 .data          0x000000000011e7e0        0x0 binaries/initialize.o
 .data          0x000000000011e7e0        0x0 binaries/insert.o
 .data          0x000000000011e7e0        0x0 binaries/insertd.o
 .data          0x000000000011e7e0        0x0 binaries/ioerr.o
 .data          0x000000000011e7e0        0x0 binaries/ionull.o
 .data          0x000000000011e7e0        0x0 binaries/kill.o
 .data          0x000000000011e7e0        0x0 binaries/kprintf.o
 .data          0x000000000011e7e0        0x0 binaries/main.o
 .data          0x000000000011e7e0        0x0 binaries/mark.o
 .data          0x000000000011e7e0        0x0 binaries/meminit.o
 .data          0x000000000011e7e0        0x0 binaries/mkbufpool.o
 .data          0x000000000011e7e0        0x2 binaries/newqueue.o
 .data          0x000000000011e7e2        0x0 binaries/open.o
 .data          0x000000000011e7e2        0x0 binaries/panic.o
 *fill*         0x000000000011e7e2        0x2 
 .data          0x000000000011e7e4       0x10 binaries/pci.o
 .data          0x000000000011e7f4        0x0 binaries/ptclear.o
 .data          0x000000000011e7f4        0x0 binaries/ptcount.o
 .data          0x000000000011e7f4        0x0 binaries/ptcreate.o
 .data          0x000000000011e7f4        0x0 binaries/ptdelete.o
 .data          0x000000000011e7f4        0x0 binaries/ptinit.o
 .data          0x000000000011e7f4        0x0 binaries/ptrecv.o
 .data          0x000000000011e7f4        0x0 binaries/ptreset.o
 .data          0x000000000011e7f4        0x0 binaries/ptsend.o
 .data          0x000000000011e7f4        0x0 binaries/putc.o
 .data          0x000000000011e7f4        0x0 binaries/queue.o
 .data          0x000000000011e7f4        0x0 binaries/read.o
 .data          0x000000000011e7f4        0x0 binaries/ready.o
 .data          0x000000000011e7f4        0x0 binaries/receive.o
 .data          0x000000000011e7f4        0x0 binaries/recvclr.o
[...]
 .comment       0x000000000000001d       0x1e binaries/dns.o
 .comment       0x000000000000001d       0x1e binaries/dot2ip.o
 .comment       0x000000000000001d       0x1e binaries/hexdump.o
 .comment       0x000000000000001d       0x1e binaries/icmp.o
 .comment       0x000000000000001d       0x1e binaries/ip.o
 .comment       0x000000000000001d       0x1e binaries/net.o
 .comment       0x000000000000001d       0x1e binaries/pdump.o
 .comment       0x000000000000001d       0x1e binaries/tftp.o
 .comment       0x000000000000001d       0x1e binaries/udp.o
 .comment       0x000000000000001d       0x1e binaries/addargs.o
 .comment       0x000000000000001d       0x1e binaries/lexan.o
 .comment       0x000000000000001d       0x1e binaries/shell.o
 .comment       0x000000000000001d       0x1e binaries/xsh_argecho.o
 .comment       0x000000000000001d       0x1e binaries/xsh_arp.o
 .comment       0x000000000000001d       0x1e binaries/xsh_cat.o
 .comment       0x000000000000001d       0x1e binaries/xsh_clear.o
 .comment       0x000000000000001d       0x1e binaries/xsh_date.o
 .comment       0x000000000000001d       0x1e binaries/xsh_devdump.o
 .comment       0x000000000000001d       0x1e binaries/xsh_echo.o
 .comment       0x000000000000001d       0x1e binaries/xsh_exit.o
 .comment       0x000000000000001d       0x1e binaries/xsh_help.o
 .comment       0x000000000000001d       0x1e binaries/xsh_kill.o
 .comment       0x000000000000001d       0x1e binaries/xsh_memdump.o
 .comment       0x000000000000001d       0x1e binaries/xsh_memstat.o
 .comment       0x000000000000001d       0x1e binaries/xsh_netinfo.o
 .comment       0x000000000000001d       0x1e binaries/xsh_ping.o
 .comment       0x000000000000001d       0x1e binaries/xsh_ps.o
 .comment       0x000000000000001d       0x1e binaries/xsh_sleep.o
 .comment       0x000000000000001d       0x1e binaries/xsh_udpdump.o
 .comment       0x000000000000001d       0x1e binaries/xsh_udpecho.o
 .comment       0x000000000000001d       0x1e binaries/xsh_udpserver.o
 .comment       0x000000000000001d       0x1e binaries/xsh_uptime.o

.note.GNU-stack
                0x0000000000000000        0x0
 .note.GNU-stack
                0x0000000000000000        0x0 binaries/ascdate.o
 .note.GNU-stack
                0x0000000000000000        0x0 binaries/bufinit.o
 .note.GNU-stack
                0x0000000000000000        0x0 binaries/chprio.o
 .note.GNU-stack
                0x0000000000000000        0x0 binaries/clkhandler.o
 .note.GNU-stack
                0x0000000000000000        0x0 binaries/clkinit.o
 .note.GNU-stack
                0x0000000000000000        0x0 binaries/close.o
 .note.GNU-stack
                0x0000000000000000        0x0 binaries/conf.o
 .note.GNU-stack
                0x0000000000000000        0x0 binaries/control.o
 .note.GNU-stack
                0x0000000000000000        0x0 binaries/create.o
 .note.GNU-stack
                0x0000000000000000        0x0 binaries/create_user_proc.o
 .note.GNU-stack
                0x0000000000000000        0x0 binaries/evec.o
 .note.GNU-stack
                0x0000000000000000        0x0 binaries/exit.o
 .note.GNU-stack
                0x0000000000000000        0x0 binaries/freebuf.o
 .note.GNU-stack
                0x0000000000000000        0x0 binaries/freemem.o
 .note.GNU-stack
                0x0000000000000000        0x0 binaries/getbuf.o
 .note.GNU-stack
                0x0000000000000000        0x0 binaries/getc.o
 .note.GNU-stack
                0x0000000000000000        0x0 binaries/getdev.o
 .note.GNU-stack
                0x0000000000000000        0x0 binaries/getitem.o
 .note.GNU-stack
                0x0000000000000000        0x0 binaries/getmem.o
 .note.GNU-stack
                0x0000000000000000        0x0 binaries/getpid.o
 .note.GNU-stack
                0x0000000000000000        0x0 binaries/getprio.o
 .note.GNU-stack
                0x0000000000000000        0x0 binaries/getstk.o
 .note.GNU-stack
                0x0000000000000000        0x0 binaries/getticks.o
 .note.GNU-stack
                0x0000000000000000        0x0 binaries/gettime.o
 .note.GNU-stack
                0x0000000000000000        0x0 binaries/getutime.o
 .note.GNU-stack
                0x0000000000000000        0x0 binaries/i386.o
 .note.GNU-stack
                0x0000000000000000        0x0 binaries/init.o
 .note.GNU-stack
                0x0000000000000000        0x0 binaries/initialize.o
 .note.GNU-stack
                0x0000000000000000        0x0 binaries/insert.o
 .note.GNU-stack
                0x0000000000000000        0x0 binaries/insertd.o
 .note.GNU-stack
                0x0000000000000000        0x0 binaries/ioerr.o
 .note.GNU-stack
                0x0000000000000000        0x0 binaries/ionull.o
 .note.GNU-stack
                0x0000000000000000        0x0 binaries/kill.o
 .note.GNU-stack
                0x0000000000000000        0x0 binaries/kprintf.o
 .note.GNU-stack
                0x0000000000000000        0x0 binaries/main.o
 .note.GNU-stack
                0x0000000000000000        0x0 binaries/mark.o
 .note.GNU-stack
                0x0000000000000000        0x0 binaries/meminit.o
 .note.GNU-stack
                0x0000000000000000        0x0 binaries/mkbufpool.o
 .note.GNU-stack
                0x0000000000000000        0x0 binaries/newqueue.o
 .note.GNU-stack
                0x0000000000000000        0x0 binaries/open.o
 .note.GNU-stack
                0x0000000000000000        0x0 binaries/panic.o
 .note.GNU-stack
                0x0000000000000000        0x0 binaries/pci.o
 .note.GNU-stack
                0x0000000000000000        0x0 binaries/ptclear.o
 .note.GNU-stack
                0x0000000000000000        0x0 binaries/ptcount.o
 .note.GNU-stack
                0x0000000000000000        0x0 binaries/ptcreate.o
 .note.GNU-stack
                0x0000000000000000        0x0 binaries/ptdelete.o
 .note.GNU-stack
                0x0000000000000000        0x0 binaries/ptinit.o
 .note.GNU-stack
                0x0000000000000000        0x0 binaries/ptrecv.o
 .note.GNU-stack
                0x0000000000000000        0x0 binaries/ptreset.o
 .note.GNU-stack
                0x0000000000000000        0x0 binaries/ptsend.o
 .note.GNU-stack
                0x0000000000000000        0x0 binaries/putc.o
 .note.GNU-stack
                0x0000000000000000        0x0 binaries/queue.o
 .note.GNU-stack
                0x0000000000000000        0x0 binaries/read.o
 .note.GNU-stack
                0x0000000000000000        0x0 binaries/ready.o
 .note.GNU-stack
                0x0000000000000000        0x0 binaries/receive.o
 .note.GNU-stack
                0x0000000000000000        0x0 binaries/recvclr.o
 .note.GNU-stack
                0x0000000000000000        0x0 binaries/recvtime.o
 .note.GNU-stack
                0x0000000000000000        0x0 binaries/resched.o
 .note.GNU-stack
                0x0000000000000000        0x0 binaries/resume.o
 .note.GNU-stack
                0x0000000000000000        0x0 binaries/seek.o
 .note.GNU-stack
                0x0000000000000000        0x0 binaries/semcount.o
 .note.GNU-stack
                0x0000000000000000        0x0 binaries/semcreate.o
 .note.GNU-stack
                0x0000000000000000        0x0 binaries/semdelete.o
 .note.GNU-stack
                0x0000000000000000        0x0 binaries/semreset.o
 .note.GNU-stack
                0x0000000000000000        0x0 binaries/send.o
 .note.GNU-stack
                0x0000000000000000        0x0 binaries/signal.o
 .note.GNU-stack
                0x0000000000000000        0x0 binaries/signaln.o
 .note.GNU-stack
                0x0000000000000000        0x0 binaries/sleep.o
 .note.GNU-stack
                0x0000000000000000        0x0 binaries/stacktrace.o
 .note.GNU-stack
                0x0000000000000000        0x0 binaries/suspend.o
 .note.GNU-stack
                0x0000000000000000        0x0 binaries/unsleep.o
 .note.GNU-stack
                0x0000000000000000        0x0 binaries/userret.o
 .note.GNU-stack
                0x0000000000000000        0x0 binaries/wait.o
 .note.GNU-stack
                0x0000000000000000        0x0 binaries/wakeup.o
 .note.GNU-stack
                0x0000000000000000        0x0 binaries/write.o
 .note.GNU-stack
                0x0000000000000000        0x0 binaries/xdone.o
 .note.GNU-stack
                0x0000000000000000        0x0 binaries/yield.o
 .note.GNU-stack
                0x0000000000000000        0x0 binaries/abs.o
 .note.GNU-stack
                0x0000000000000000        0x0 binaries/atoi.o
 .note.GNU-stack
                0x0000000000000000        0x0 binaries/atol.o
 .note.GNU-stack
                0x0000000000000000        0x0 binaries/bzero.o
 .note.GNU-stack
                0x0000000000000000        0x0 binaries/ctype_.o
 .note.GNU-stack
                0x0000000000000000        0x0 binaries/doprnt.o
 .note.GNU-stack
                0x0000000000000000        0x0 binaries/doscan.o
 .note.GNU-stack
                0x0000000000000000        0x0 binaries/fdoprnt.o
 .note.GNU-stack
                0x0000000000000000        0x0 binaries/fgetc.o
 .note.GNU-stack
                0x0000000000000000        0x0 binaries/fgets.o
 .note.GNU-stack
                0x0000000000000000        0x0 binaries/fprintf.o
 .note.GNU-stack
                0x0000000000000000        0x0 binaries/fputc.o
 .note.GNU-stack
                0x0000000000000000        0x0 binaries/fputs.o
 .note.GNU-stack
                0x0000000000000000        0x0 binaries/fscanf.o
 .note.GNU-stack
                0x0000000000000000        0x0 binaries/getchar.o
 .note.GNU-stack
                0x0000000000000000        0x0 binaries/labs.o
 .note.GNU-stack
                0x0000000000000000        0x0 binaries/memchr.o
 .note.GNU-stack
                0x0000000000000000        0x0 binaries/memcmp.o
 .note.GNU-stack
                0x0000000000000000        0x0 binaries/memcpy.o
 .note.GNU-stack
                0x0000000000000000        0x0 binaries/memset.o
 .note.GNU-stack
                0x0000000000000000        0x0 binaries/printf.o
 .note.GNU-stack
                0x0000000000000000        0x0 binaries/putchar.o
 .note.GNU-stack
                0x0000000000000000        0x0 binaries/qsort.o
 .note.GNU-stack
                0x0000000000000000        0x0 binaries/rand.o
 .note.GNU-stack
                0x0000000000000000        0x0 binaries/sprintf.o
 .note.GNU-stack
                0x0000000000000000        0x0 binaries/sscanf.o
 .note.GNU-stack
                0x0000000000000000        0x0 binaries/strchr.o
 .note.GNU-stack
                0x0000000000000000        0x0 binaries/strcmp.o
 .note.GNU-stack
                0x0000000000000000        0x0 binaries/strcpy.o
 .note.GNU-stack
                0x0000000000000000        0x0 binaries/strlen.o
 .note.GNU-stack
                0x0000000000000000        0x0 binaries/strncat.o
 .note.GNU-stack
                0x0000000000000000        0x0 binaries/strncmp.o
 .note.GNU-stack
                0x0000000000000000        0x0 binaries/strncpy.o
 .note.GNU-stack
                0x0000000000000000        0x0 binaries/strnlen.o
 .note.GNU-stack
                0x0000000000000000        0x0 binaries/strrchr.o
 .note.GNU-stack
                0x0000000000000000        0x0 binaries/strstr.o
 .note.GNU-stack
                0x0000000000000000        0x0 binaries/ttycontrol.o
 .note.GNU-stack
                0x0000000000000000        0x0 binaries/ttygetc.o
 .note.GNU-stack
                0x0000000000000000        0x0 binaries/ttyhandle_in.o
 .note.GNU-stack
                0x0000000000000000        0x0 binaries/ttyhandle_out.o
 .note.GNU-stack
                0x0000000000000000        0x0 binaries/ttyhandler.o
 .note.GNU-stack
                0x0000000000000000        0x0 binaries/ttyinit.o
 .note.GNU-stack
                0x0000000000000000        0x0 binaries/ttykickout.o
 .note.GNU-stack
                0x0000000000000000        0x0 binaries/ttyputc.o
 .note.GNU-stack
                0x0000000000000000        0x0 binaries/ttyread.o
 .note.GNU-stack
                0x0000000000000000        0x0 binaries/ttywrite.o
 .note.GNU-stack
                0x0000000000000000        0x0 binaries/mount.o
 .note.GNU-stack
                0x0000000000000000        0x0 binaries/naminit.o
 .note.GNU-stack
                0x0000000000000000        0x0 binaries/nammap.o
 .note.GNU-stack
                0x0000000000000000        0x0 binaries/namopen.o
 .note.GNU-stack
                0x0000000000000000        0x0 binaries/82545EMInit.o
 .note.GNU-stack
                0x0000000000000000        0x0 binaries/ethcontrol.o
 .note.GNU-stack
                0x0000000000000000        0x0 binaries/ethhandler.o
 .note.GNU-stack
                0x0000000000000000        0x0 binaries/ethinit.o
 .note.GNU-stack
                0x0000000000000000        0x0 binaries/ethread.o
 .note.GNU-stack
                0x0000000000000000        0x0 binaries/ethwrite.o
 .note.GNU-stack
                0x0000000000000000        0x0 binaries/rdsbufalloc.o
 .note.GNU-stack
                0x0000000000000000        0x0 binaries/rdsclose.o
 .note.GNU-stack
                0x0000000000000000        0x0 binaries/rdscomm.o
 .note.GNU-stack
                0x0000000000000000        0x0 binaries/rdscontrol.o
 .note.GNU-stack
                0x0000000000000000        0x0 binaries/rdsinit.o
 .note.GNU-stack
                0x0000000000000000        0x0 binaries/rdsopen.o
 .note.GNU-stack
                0x0000000000000000        0x0 binaries/rdsprocess.o
 .note.GNU-stack
                0x0000000000000000        0x0 binaries/rdsread.o
 .note.GNU-stack
                0x0000000000000000        0x0 binaries/rdswrite.o
 .note.GNU-stack
                0x0000000000000000        0x0 binaries/ramclose.o
 .note.GNU-stack
                0x0000000000000000        0x0 binaries/raminit.o
 .note.GNU-stack
                0x0000000000000000        0x0 binaries/ramopen.o
 .note.GNU-stack
                0x0000000000000000        0x0 binaries/ramread.o
 .note.GNU-stack
                0x0000000000000000        0x0 binaries/ramwrite.o
 .note.GNU-stack
                0x0000000000000000        0x0 binaries/lfdballoc.o
 .note.GNU-stack
                0x0000000000000000        0x0 binaries/lfdbfree.o
 .note.GNU-stack
                0x0000000000000000        0x0 binaries/lfflush.o
 .note.GNU-stack
                0x0000000000000000        0x0 binaries/lfgetmode.o
 .note.GNU-stack
                0x0000000000000000        0x0 binaries/lfiballoc.o
 .note.GNU-stack
                0x0000000000000000        0x0 binaries/lfibclear.o
 .note.GNU-stack
                0x0000000000000000        0x0 binaries/lfibget.o
 .note.GNU-stack
                0x0000000000000000        0x0 binaries/lfibput.o
 .note.GNU-stack
                0x0000000000000000        0x0 binaries/lflclose.o
 .note.GNU-stack
                0x0000000000000000        0x0 binaries/lflcontrol.o
 .note.GNU-stack
                0x0000000000000000        0x0 binaries/lflgetc.o
 .note.GNU-stack
                0x0000000000000000        0x0 binaries/lflinit.o
 .note.GNU-stack
                0x0000000000000000        0x0 binaries/lflputc.o
 .note.GNU-stack
                0x0000000000000000        0x0 binaries/lflread.o
 .note.GNU-stack
                0x0000000000000000        0x0 binaries/lflseek.o
 .note.GNU-stack
                0x0000000000000000        0x0 binaries/lflwrite.o
 .note.GNU-stack
                0x0000000000000000        0x0 binaries/lfscheck.o
 .note.GNU-stack
                0x0000000000000000        0x0 binaries/lfsckfmt.o
 .note.GNU-stack
                0x0000000000000000        0x0 binaries/lfscreate.o
 .note.GNU-stack
                0x0000000000000000        0x0 binaries/lfsetup.o
 .note.GNU-stack
                0x0000000000000000        0x0 binaries/lfsinit.o
 .note.GNU-stack
                0x0000000000000000        0x0 binaries/lfsopen.o
 .note.GNU-stack
                0x0000000000000000        0x0 binaries/lftruncate.o
 .note.GNU-stack
                0x0000000000000000        0x0 binaries/rflclose.o
 .note.GNU-stack
                0x0000000000000000        0x0 binaries/rflgetc.o
 .note.GNU-stack
                0x0000000000000000        0x0 binaries/rflinit.o
 .note.GNU-stack
                0x0000000000000000        0x0 binaries/rflputc.o
 .note.GNU-stack
                0x0000000000000000        0x0 binaries/rflread.o
 .note.GNU-stack
                0x0000000000000000        0x0 binaries/rflseek.o
 .note.GNU-stack
                0x0000000000000000        0x0 binaries/rflwrite.o
 .note.GNU-stack
                0x0000000000000000        0x0 binaries/rfscomm.o
 .note.GNU-stack
                0x0000000000000000        0x0 binaries/rfscontrol.o
 .note.GNU-stack
                0x0000000000000000        0x0 binaries/rfsgetmode.o
 .note.GNU-stack
                0x0000000000000000        0x0 binaries/rfsinit.o
 .note.GNU-stack
                0x0000000000000000        0x0 binaries/rfsndmsg.o
 .note.GNU-stack
                0x0000000000000000        0x0 binaries/rfsopen.o
 .note.GNU-stack
                0x0000000000000000        0x0 binaries/arp.o
 .note.GNU-stack
                0x0000000000000000        0x0 binaries/dhcp.o
 .note.GNU-stack
                0x0000000000000000        0x0 binaries/dns.o
 .note.GNU-stack
                0x0000000000000000        0x0 binaries/dot2ip.o
 .note.GNU-stack
                0x0000000000000000        0x0 binaries/hexdump.o
 .note.GNU-stack
                0x0000000000000000        0x0 binaries/icmp.o
 .note.GNU-stack
                0x0000000000000000        0x0 binaries/ip.o
 .note.GNU-stack
                0x0000000000000000        0x0 binaries/net.o
 .note.GNU-stack
                0x0000000000000000        0x0 binaries/pdump.o
 .note.GNU-stack
                0x0000000000000000        0x0 binaries/tftp.o
 .note.GNU-stack
                0x0000000000000000        0x0 binaries/udp.o
 .note.GNU-stack
                0x0000000000000000        0x0 binaries/addargs.o
 .note.GNU-stack
                0x0000000000000000        0x0 binaries/lexan.o
 .note.GNU-stack
                0x0000000000000000        0x0 binaries/shell.o
 .note.GNU-stack
                0x0000000000000000        0x0 binaries/xsh_argecho.o
 .note.GNU-stack
                0x0000000000000000        0x0 binaries/xsh_arp.o
 .note.GNU-stack
                0x0000000000000000        0x0 binaries/xsh_cat.o
 .note.GNU-stack
                0x0000000000000000        0x0 binaries/xsh_clear.o
 .note.GNU-stack
                0x0000000000000000        0x0 binaries/xsh_date.o
 .note.GNU-stack
                0x0000000000000000        0x0 binaries/xsh_devdump.o
 .note.GNU-stack
                0x0000000000000000        0x0 binaries/xsh_echo.o
 .note.GNU-stack
                0x0000000000000000        0x0 binaries/xsh_exit.o
 .note.GNU-stack
                0x0000000000000000        0x0 binaries/xsh_help.o
 .note.GNU-stack
                0x0000000000000000        0x0 binaries/xsh_kill.o
 .note.GNU-stack
                0x0000000000000000        0x0 binaries/xsh_memdump.o
 .note.GNU-stack
                0x0000000000000000        0x0 binaries/xsh_memstat.o
 .note.GNU-stack
                0x0000000000000000        0x0 binaries/xsh_netinfo.o
 .note.GNU-stack
                0x0000000000000000        0x0 binaries/xsh_ping.o
 .note.GNU-stack
                0x0000000000000000        0x0 binaries/xsh_ps.o
 .note.GNU-stack
                0x0000000000000000        0x0 binaries/xsh_sleep.o
 .note.GNU-stack
                0x0000000000000000        0x0 binaries/xsh_udpdump.o
 .note.GNU-stack
                0x0000000000000000        0x0 binaries/xsh_udpecho.o
 .note.GNU-stack
                0x0000000000000000        0x0 binaries/xsh_udpserver.o
 .note.GNU-stack
                0x0000000000000000        0x0 binaries/xsh_uptime.o
